09-11 22:51:48.243 31528 31528 I com.dz.law:   at void android.app.ActivityThread.installContentProviders(android.content.Context, java.util.List) (ActivityThread.java:6109)
09-11 22:51:48.243 31528 31528 I com.dz.law:   at void android.app.ActivityThread.handleBindApplication(android.app.ActivityThread$AppBindData) (ActivityThread.java:6018)
09-11 22:51:48.243 31528 31528 I com.dz.law:   at void android.app.ActivityThread.access$1100(android.app.ActivityThread, android.app.ActivityThread$AppBindData) (ActivityThread.java:207)
09-11 22:51:48.243 31528 31528 I com.dz.law:   at void android.app.ActivityThread$H.handleMessage(android.os.Message) (ActivityThread.java:1663)
09-11 22:51:48.243 31528 31528 I com.dz.law:   at void android.os.Handler.dispatchMessage(android.os.Message) (Handler.java:106)
09-11 22:51:48.243 31528 31528 I com.dz.law:   at void android.os.Looper.loop() (Looper.java:193)
09-11 22:51:48.243 31528 31528 I com.dz.law:   at void android.app.ActivityThread.main(java.lang.String[]) (ActivityThread.java:6840)
09-11 22:51:48.243 31528 31528 I com.dz.law:   at java.lang.Object java.lang.reflect.Method.invoke(java.lang.Object, java.lang.Object[]) (Method.java:-2)
09-11 22:51:48.243 31528 31528 I com.dz.law:   at void com.android.internal.os.RuntimeInit$MethodAndArgsCaller.run() (RuntimeInit.java:493)
09-11 22:51:48.243 31528 31528 I com.dz.law:   at void com.android.internal.os.ZygoteInit.main(java.lang.String[]) (ZygoteInit.java:860)
09-11 22:51:48.243 31528 31528 I com.dz.law: 
09-11 22:51:48.251  1539  1539 I keystore: del USRPKEY_fl.install.id.sec.key 12136
09-11 22:51:48.252  1539  1539 I keystore: del USRCERT_fl.install.id.sec.key 12136
09-11 22:51:48.252  1539  1539 I keystore: del CACERT_fl.install.id.sec.key 12136
09-11 22:51:48.257 31528 31568 I FA      : App measurement initialized, version: 73000
09-11 22:51:48.258 31528 31568 I FA      : To enable debug logging run: adb shell setprop log.tag.FA VERBOSE
09-11 22:51:48.258 31528 31568 I FA      : To enable faster debug mode event logging run:
09-11 22:51:48.258 31528 31568 I FA      :   adb shell setprop debug.firebase.analytics.app com.dz.law
09-11 22:51:48.267 31528 31573 W FlurryAgent: Google Play services is not available: null
09-11 22:51:48.267 31528 31573 W FlurryAgent: There is a problem with the Google Play Services library, which is required for Android Advertising ID support. The Google Play Services library is recommended to be integrated in any app shipping in the Play Store that uses analytics or advertising.
09-11 22:51:48.281 31576 31576 I dex2oat : The ClassLoaderContext is a special shared library.
09-11 22:51:48.281 31576 31576 I dex2oat : /system/bin/dex2oat --inline-max-code-units=0 --dex-file=/data/user/0/com.dz.law/files/audience_network.dex --output-vdex-fd=47 --oat-fd=48 --oat-location=/data/user/0/com.dz.law/files/oat/x86/audience_network.odex --compiler-filter=quicken --class-loader-context=&
09-11 22:51:48.281 31576 31576 E cutils-trace: Error opening trace file: No such file or directory (2)
09-11 22:51:48.303  1539  1539 I keystore: 1 0
09-11 22:51:48.327 31528 31573 W FlurryAgent: Google Play services is not available: null
09-11 22:51:48.327 31528 31573 W FlurryAgent: There is a problem with the Google Play Services library, which is required for Android Advertising ID support. The Google Play Services library is recommended to be integrated in any app shipping in the Play Store that uses analytics or advertising.
09-11 22:51:48.347 31528 31568 W GooglePlayServicesUtil: com.dz.law requires the Google Play Store, but it is missing.
09-11 22:51:48.347 31528 31568 W FA      : Service invalid
09-11 22:51:48.375 31528 31573 W FlurryAgent: Google Play services is not available: null
09-11 22:51:48.375 31528 31573 W FlurryAgent: There is a problem with the Google Play Services library, which is required for Android Advertising ID support. The Google Play Services library is recommended to be integrated in any app shipping in the Play Store that uses analytics or advertising.
09-11 22:51:48.380 31528 31528 I WebViewFactory: Loading com.android.webview version 91.0.4472.114 (code 447211456)
09-11 22:51:48.392 31528 31573 W FlurryAgent: Google Play services is not available: null
09-11 22:51:48.392 31528 31573 W FlurryAgent: There is a problem with the Google Play Services library, which is required for Android Advertising ID support. The Google Play Services library is recommended to be integrated in any app shipping in the Play Store that uses analytics or advertising.
09-11 22:51:48.406 31528 31568 I FA      : Tag Manager is not found and thus will not be used
09-11 22:51:48.407 31528 31568 W GooglePlayServicesUtil: Google Play services is missing.
09-11 22:51:48.455  1671  1684 W System  : A resource failed to call close. 
09-11 22:51:48.456  1671  1684 I chatty  : uid=1000(system) FinalizerDaemon identical 45 lines
09-11 22:51:48.456  1671  1684 W System  : A resource failed to call close. 
09-11 22:51:48.497 31528 31528 I cr_LibraryLoader: Loaded native library version number "91.0.4472.114"
09-11 22:51:48.498 31528 31528 W com.dz.law: Accessing hidden field Ljava/util/Collections$SynchronizedCollection;->mutex:Ljava/lang/Object; (dark greylist, reflection)
09-11 22:51:48.498 31528 31528 W com.dz.law: Accessing hidden method Ljava/util/Collections$SynchronizedSet;-><init>(Ljava/util/Set;Ljava/lang/Object;)V (dark greylist, reflection)
09-11 22:51:48.498 31528 31528 W com.dz.law: Accessing hidden method Ljava/util/Collections$SynchronizedCollection;-><init>(Ljava/util/Collection;Ljava/lang/Object;)V (dark greylist, reflection)
09-11 22:51:48.500 31528 31528 I cr_CachingUmaRecorder: Flushed 6 samples from 6 histograms.
09-11 22:51:48.551 31596 31596 E nativebridge: PrepareForUnspecifiedArchOrMixed! Could not create mount namespace.
09-11 22:51:48.554 31596 31596 I Zygote  : seccomp disabled by setenforce 0
09-11 22:51:48.557  1671  1693 I ActivityManager: Start proc 31596:com.android.webview:sandboxed_process0/u0i65 for webview_service com.dz.law/org.chromium.content.app.SandboxedProcessService0
09-11 22:51:48.602 31596 31596 I cr_ChildProcessService: Creating new ChildProcessService pid=31596
09-11 22:51:48.606 31576 31576 I dex2oat : dex2oat took 326.496ms (493.118ms cpu) (threads: 4) arena alloc=209KB (214520B) java alloc=2MB (2193912B) native alloc=3MB (3456080B) free=2MB (2311088B)
09-11 22:51:48.610 31528 31566 I com.dz.law: The ClassLoaderContext is a special shared library.
09-11 22:51:48.810 31528 31528 I DaoManager: Loaded configuration for class com.appyet.data.Feed
09-11 22:51:48.810 31528 31528 I DaoManager: Loaded configuration for class com.appyet.data.FeedItem
09-11 22:51:48.810 31528 31528 I DaoManager: Loaded configuration for class com.appyet.data.FileCache
09-11 22:51:48.810 31528 31528 I DaoManager: Loaded configuration for class com.appyet.data.Module
09-11 22:51:48.810 31528 31528 I DaoManager: Loaded configuration for class com.appyet.data.Web
09-11 22:51:48.810 31528 31528 I DaoManager: Loaded configuration for class com.appyet.data.Forum
09-11 22:51:48.810 31528 31528 I DaoManager: Loaded configuration for class com.appyet.data.Playlist
09-11 22:51:48.810 31528 31528 I DaoManager: Loaded configuration for class com.appyet.data.Media
09-11 22:51:48.927 31528 31528 W FlurryAgent: Location analytics report is disabled, please enable it to improve your Flurry analytics metrics.
09-11 22:51:48.964 31528 31528 W com.dz.law: Accessing hidden method Landroid/content/res/Resources$Theme;->rebase()V (dark greylist, reflection)
09-11 22:51:48.966 31528 31528 I ResourcesCompat: Failed to retrieve rebase() method
09-11 22:51:48.966 31528 31528 I ResourcesCompat: java.lang.NoSuchMethodException: rebase []
09-11 22:51:48.966 31528 31528 I ResourcesCompat: 	at java.lang.Class.getMethod(Class.java:2068)
09-11 22:51:48.966 31528 31528 I ResourcesCompat: 	at java.lang.Class.getDeclaredMethod(Class.java:2047)
09-11 22:51:48.966 31528 31528 I ResourcesCompat: 	at e0.h$f$a.a(SourceFile:16)
09-11 22:51:48.966 31528 31528 I ResourcesCompat: 	at e0.h$f.a(SourceFile:15)
09-11 22:51:48.966 31528 31528 I ResourcesCompat: 	at f.g.g(SourceFile:160)
09-11 22:51:48.966 31528 31528 I ResourcesCompat: 	at f.c.attachBaseContext(SourceFile:5)
09-11 22:51:48.966 31528 31528 I ResourcesCompat: 	at c3.b.attachBaseContext(SourceFile:5)
09-11 22:51:48.966 31528 31528 I ResourcesCompat: 	at android.app.Activity.attach(Activity.java:7060)
09-11 22:51:48.966 31528 31528 I ResourcesCompat: 	at android.app.ActivityThread.performLaunchActivity(ActivityThread.java:2918)
09-11 22:51:48.966 31528 31528 I ResourcesCompat: 	at android.app.ActivityThread.handleLaunchActivity(ActivityThread.java:3093)
09-11 22:51:48.966 31528 31528 I ResourcesCompat: 	at android.app.servertransaction.LaunchActivityItem.execute(LaunchActivityItem.java:78)
09-11 22:51:48.966 31528 31528 I ResourcesCompat: 	at android.app.servertransaction.TransactionExecutor.executeCallbacks(TransactionExecutor.java:108)
09-11 22:51:48.966 31528 31528 I ResourcesCompat: 	at android.app.servertransaction.TransactionExecutor.execute(TransactionExecutor.java:68)
09-11 22:51:48.966 31528 31528 I ResourcesCompat: 	at android.app.ActivityThread$H.handleMessage(ActivityThread.java:1823)
09-11 22:51:48.966 31528 31528 I ResourcesCompat: 	at android.os.Handler.dispatchMessage(Handler.java:106)
09-11 22:51:48.966 31528 31528 I ResourcesCompat: 	at android.os.Looper.loop(Looper.java:193)
09-11 22:51:48.966 31528 31528 I ResourcesCompat: 	at android.app.ActivityThread.main(ActivityThread.java:6840)
09-11 22:51:48.966 31528 31528 I ResourcesCompat: 	at java.lang.reflect.Method.invoke(Native Method)
09-11 22:51:48.966 31528 31528 I ResourcesCompat: 	at com.android.internal.os.RuntimeInit$MethodAndArgsCaller.run(RuntimeInit.java:493)
09-11 22:51:48.966 31528 31528 I ResourcesCompat: 	at com.android.internal.os.ZygoteInit.main(ZygoteInit.java:860)
09-11 22:51:48.971 31528 31573 W GooglePlayServicesUtil: com.dz.law requires the Google Play Store, but it is missing.
09-11 22:51:49.039  1825  1825 I ndroid.systemui: type=1400 audit(0.0:31180): avc: denied { read } for name="Pictures" dev="sdcardfs" ino=1572867 scontext=u:r:platform_app:s0:c512,c768 tcontext=u:object_r:sdcardfs:s0 tclass=lnk_file permissive=1
09-11 22:51:49.057 31528 31573 W GooglePlayServicesUtil: com.dz.law requires the Google Play Store, but it is missing.
09-11 22:51:49.076  1671 28085 I ActivityManager: START u0 {cmp=com.dz.law/com.appyet.activity.IntroActivity} from uid 12136
09-11 22:51:49.110  2301  2301 W ContextImpl: Calling a method in the system process without a qualified user: android.app.ContextImpl.startService:1531 android.content.ContextWrapper.startService:664 android.content.ContextWrapper.startService:664 com.android.coreservice.CoreBroadcastReceiver.onReceive:44 android.app.ActivityThread.handleReceiver:3424 
09-11 22:51:49.117 31528 31544 I com.dz.law: Background concurrent copying GC freed 26409(2MB) AllocSpace objects, 82(2MB) LOS objects, 49% free, 14MB/29MB, paused 4.114ms total 149.039ms
09-11 22:51:49.119  1671  1684 W System  : A resource failed to call close. 
09-11 22:51:49.119  1671  1684 I chatty  : uid=1000(system) FinalizerDaemon identical 62 lines
09-11 22:51:49.119  1671  1684 W System  : A resource failed to call close. 
09-11 22:51:49.130 31528 31528 W GooglePlayServicesUtil: com.dz.law requires the Google Play Store, but it is missing.
09-11 22:51:49.131 31528 31528 E DynamiteModule: Invalid GmsCore APK, remote loading disabled.
09-11 22:51:49.179 31528 31663 W GooglePlayServicesUtil: com.dz.law requires the Google Play Store, but it is missing.
09-11 22:51:49.182 31528 31666 W GooglePlayServicesUtil: com.dz.law requires the Google Play Store, but it is missing.
09-11 22:51:49.182 31528 31666 W GoogleApiManager: The service for com.google.android.gms.internal.appset.zzd is not available: ConnectionResult{statusCode=SERVICE_INVALID, resolution=null, message=null}
09-11 22:51:49.284 31528 31620 W cr_media: Requires BLUETOOTH permission
09-11 22:51:49.302 31596 31617 I cr_LibraryLoader: Loaded native library version number "91.0.4472.114"
09-11 22:51:49.303 31596 31617 W dboxed_process: Accessing hidden field Ljava/util/Collections$SynchronizedCollection;->mutex:Ljava/lang/Object; (dark greylist, reflection)
09-11 22:51:49.303 31596 31617 W dboxed_process: Accessing hidden method Ljava/util/Collections$SynchronizedSet;-><init>(Ljava/util/Set;Ljava/lang/Object;)V (dark greylist, reflection)
09-11 22:51:49.303 31596 31617 W dboxed_process: Accessing hidden method Ljava/util/Collections$SynchronizedCollection;-><init>(Ljava/util/Collection;Ljava/lang/Object;)V (dark greylist, reflection)
09-11 22:51:49.304 31596 31617 I cr_CachingUmaRecorder: Flushed 1 samples from 1 histograms.
09-11 22:51:49.311 31596 31617 W SystemServiceRegistry: No service published for: uimode
09-11 22:51:49.326 31528 31670 I HostConnection: HostConnection::HostConnection: pid=31528, tid=31670, this=0xce2ffcc0
09-11 22:51:49.336 31528 31670 I         : fastpipe: Connect success
09-11 22:51:49.337 31528 31670 E HostConnection: /data/local/cfg-zneng/gl_force format error! com.ncsoft.lineagen gl
09-11 22:51:49.337 31528 31670 E HostConnection: /data/local/cfg-zneng/gl_force format error! com.vng.thiennhaiminhnguyetdaovng gl
09-11 22:51:49.337 31528 31670 E HostConnection: /data/local/cfg-zneng/gl_force format error! com.proximabeta.tdm.kr gl
09-11 22:51:49.337 31528 31670 E HostConnection: /data/local/cfg-zneng/gl_force format error! com.proximabeta.tdm.kr.cloud gl
09-11 22:51:49.337 31528 31670 E HostConnection: /data/local/cfg-zneng/gl_force format error! com.proximabeta.tdm.kr.onestore gl
09-11 22:51:49.337 31528 31670 E HostConnection: /data/local/cfg-zneng/gl_force format error! com.tencent.tmgp.wuxia gl
09-11 22:51:49.337 31528 31670 E HostConnection: /data/local/cfg-zneng/gl_force format error! com.qqsy.gundam.ld gl
09-11 22:51:49.337 31528 31670 E HostConnection: /data/local/cfg-zneng/gl_force format error! com.qqsy.gundam gl
09-11 22:51:49.337 31528 31670 E HostConnection: /data/local/cfg-zneng/gl_force format error! com.gravity.cute.tw.testand gl
09-11 22:51:49.337 31528 31670 E HostConnection: /data/local/cfg-zneng/gl_force format error! com.cayenne.gvl gl
09-11 22:51:49.337 31528 31670 E HostConnection: /data/local/cfg-zneng/gl_force format error! com.netmarble.tskgb gl
09-11 22:51:49.337 31528 31670 E HostConnection: /data/local/cfg-zneng/gl_force format error! com.longe.racehmt gl
09-11 22:51:49.337 31528 31670 E HostConnection: /data/local/cfg-zneng/gl_force format error! com.gvi.robegins.aos gl
09-11 22:51:49.337 31528 31670 E HostConnection: /data/local/cfg-zneng/gl_force format error! com.studiocodedragon.projectss gl
09-11 22:51:49.337 31528 31670 E HostConnection: /data/local/cfg-zneng/gl_force format error! com.jingxiu.hygd gl
09-11 22:51:49.337 31528 31670 E HostConnection: /data/local/cfg-zneng/gl_force format error! com.playwith.nsealm.tw.googl gl
09-11 22:51:49.337 31528 31670 E HostConnection: /data/local/cfg-zneng/gl_force format error! com.playwith.sealm.kr.googl gl
09-11 22:51:49.337 31528 31670 E HostConnection: /data/local/cfg-zneng/gl_force format error! com.gravity.cute.tw.and gl
09-11 22:51:49.337 31528 31670 E HostConnection: /data/local/cfg-zneng/gl_force format error! com.forgefun.redcovenant gl
09-11 22:51:49.337 31528 31670 E HostConnection: /data/local/cfg-zneng/gl_force format error! com.silkroad.mb gl
09-11 22:51:49.337 31528 31670 E HostConnection: /data/local/cfg-zneng/gl_force format error! com.vortexgravity.bealive.ld gl
09-11 22:51:49.337 31528 31670 E HostConnection: /data/local/cfg-zneng/gl_force format error! com.com2usholdings.soulstrike.android.google.global.normal gl
09-11 22:51:49.337 31528 31670 E HostConnection: /data/local/cfg-zneng/gl_force format error! com.cobby.lonelysurvivor gl
09-11 22:51:49.337 31528 31670 E HostConnection: /data/local/cfg-zneng/gl_force format error! com.cmge.ltqrc gl
09-11 22:51:49.337 31528 31670 E HostConnection: /data/local/cfg-zneng/gl_force format error! com.cmge.ltqrc.ld gl
09-11 22:51:49.337 31528 31670 E HostConnection: /data/local/cfg-zneng/gl_force format error! com.seasun.jxqy0.jsgf.xsj gl
09-11 22:51:49.337 31528 31670 E HostConnection: /data/local/cfg-zneng/gl_force format error! com.seasun.jxqy0.huawei gl
09-11 22:51:49.337 31528 31670 E HostConnection: /data/local/cfg-zneng/gl_force format error! com.mobigame.tt12 gl
09-11 22:51:49.337 31528 31670 E HostConnection: /data/local/cfg-zneng/gl_force format error! com.kaneten.client.and gl
09-11 22:51:49.337 31528 31670 E HostConnection: /data/local/cfg-zneng/gl_force format error! com.playwith.rohan2.kr gl
09-11 22:51:49.337 31528 31670 E HostConnection: /data/local/cfg-zneng/gl_force format error! com.linecorp.LGATF gl
09-11 22:51:49.337 31528 31670 E HostConnection: /data/local/cfg-zneng/gl_force format error! com.atknsyl.weaponmaster gl
09-11 22:51:49.337 31528 31670 E HostConnection: /data/local/cfg-zneng/gl_force format error! com.blizzard.diablo.immortal gl
09-11 22:51:49.337 31528 31670 E HostConnection: /data/local/cfg-zneng/gl_force format error! com.netease.dfjssea gl
09-11 22:51:49.337 31528 31670 E HostConnection: /data/local/cfg-zneng/gl_force format error! com.netease.dfjsjp gl
09-11 22:51:49.337 31528 31670 E HostConnection: /data/local/cfg-zneng/gl_force format error! com.netease.dfjskr gl
09-11 22:51:49.337 31528 31670 E HostConnection: /data/local/cfg-zneng/gl_force format error! jp.co.applibot.chiikawapocketgl gl
09-11 22:51:49.337 31528 31670 E HostConnection: /data/local/cfg-zneng/gl_force format error! jp.co.applibot.chiikawapocket gl
09-11 22:51:49.337 31528 31670 E HostConnection: /data/local/cfg-zneng/gl_force format error! com.kakaogames.pcr gl
09-11 22:51:49.337 31528 31670 E HostConnection: /data/local/cfg-zneng/gl_force format error! com.kakaogames.eversoul gl
09-11 22:51:49.337 31528 31670 E HostConnection: /data/local/cfg-zneng/gl_force format error! com.kakaogames.eversouljp gl
09-11 22:51:49.337 31528 31670 E HostConnection: /data/local/cfg-zneng/gl_force format error! com.ntrance.dkr.and gl
09-11 22:51:49.337 31528 31670 E HostConnection: /data/local/cfg-zneng/gl_force format error! com.zlongame.eversoul gl
09-11 22:51:49.337 31528 31670 E HostConnection: /data/local/cfg-zneng/gl_force format error! com.Chillgaming.oneState gl
09-11 22:51:49.337 31528 31670 E HostConnection: /data/local/cfg-zneng/gl_force format error! com.activision.callofduty.shooter gl
09-11 22:51:49.337 31528 31670 E HostConnection: /data/local/cfg-zneng/gl_force format error! com.garena.game.codm gl
09-11 22:51:49.337 31528 31670 E HostConnection: /data/local/cfg-zneng/gl_force format error! com.vng.codmvn gl
09-11 22:51:49.337 31528 31670 E HostConnection: /data/local/cfg-zneng/gl_force format error! com.VIIBYTE.RivalisAcademiaNexus gl
09-11 22:51:49.337 31528 31670 E HostConnection: /data/local/cfg-zneng/gl_force format error! com.qjsjqy.ld gl
09-11 22:51:49.337 31528 31670 E HostConnection: /data/local/cfg-zneng/gl_force format error! com.dragonli.projectsnow gl
09-11 22:51:49.337 31528 31670 E HostConnection: /data/local/cfg-zneng/gl_force format error! com.netmarble.kofafk gl
09-11 22:51:49.337 31528 31670 E HostConnection: /data/local/cfg-zneng/gl_force format error! com.greenmushroom.boomblitz.gp gl
09-11 22:51:49.337 31528 31670 E HostConnection: /data/local/cfg-zneng/gl_force format error! com.hermes.p6gameos gl
09-11 22:51:49.337 31528 31670 E HostConnection: /data/local/cfg-zneng/gl_force format error! com.crystal.usad gl
09-11 22:51:49.337 31528 31670 E HostConnection: /data/local/cfg-zneng/gl_force format error! com.jingxiu.yanwu gl
09-11 22:51:49.337 31528 31670 E HostConnection: /data/local/cfg-zneng/gl_force format error! com.playhardlab.heroes gl
09-11 22:51:49.337 31528 31670 E HostConnection: /data/local/cfg-zneng/gl_force format error! com.topgamestudio.americanblocksnipersurvival.jf gl
09-11 22:51:49.337 31528 31670 E HostConnection: /data/local/cfg-zneng/gl_force format error! vng.games.gs1.phongthan.mobile.com gl
09-11 22:51:49.337 31528 31670 E HostConnection: /data/local/cfg-zneng/gl_force format error! com.userjoy.szm gl
09-11 22:51:49.337 31528 31670 E HostConnection: /data/local/cfg-zneng/gl_force format error! com.netease.yzs gl
09-11 22:51:49.337 31528 31670 E HostConnection: /data/local/cfg-zneng/gl_force format error! com.korea.tamamonkr.google gl
09-11 22:51:49.337 31528 31670 E HostConnection: /data/local/cfg-zneng/gl_force format error! com.huanxi.datulong gl
09-11 22:51:49.337 31528 31670 E HostConnection: /data/local/cfg-zneng/gl_force format error! com.com2us.legendsummoner.android.google.global.normal gl
09-11 22:51:49.337 31528 31670 E HostConnection: /data/local/cfg-zneng/gl_force format error! com.metek.atm2 gl
09-11 22:51:49.337 31528 31670 E HostConnection: /data/local/cfg-zneng/gl_force format error! com.huiqi.mrby gl
09-11 22:51:49.337 31528 31670 E HostConnection: /data/local/cfg-zneng/gl_force format error! com.tencent.wlfz gl
09-11 22:51:49.337 31528 31670 E HostConnection: /data/local/cfg-zneng/gl_force format error! com.yh.hunter4.firstformal gl
09-11 22:51:49.337 31528 31670 E HostConnection: /data/local/cfg-zneng/gl_force format error! com.phonecoolgame.sanguo gl
09-11 22:51:49.337 31528 31670 E HostConnection: /data/local/cfg-zneng/gl_force format error! com.epidgames.trickcalrevive gl
09-11 22:51:49.337 31528 31670 E HostConnection: /data/local/cfg-zneng/gl_force format error! com.tanle.sycq gl
09-11 22:51:49.337 31528 31670 E HostConnection: /data/local/cfg-zneng/gl_force format error! com.youzu.djlw gl
09-11 22:51:49.337 31528 31670 E HostConnection: /data/local/cfg-zneng/gl_force format error! com.happyelements.rxr gl
09-11 22:51:49.337 31528 31670 E HostConnection: /data/local/cfg-zneng/gl_force format error! com.tencent.zd gl
09-11 22:51:49.337 31528 31670 E HostConnection: /data/local/cfg-zneng/gl_force format error! com.leisure.tw gl
09-11 22:51:49.337 31528 31670 E HostConnection: /data/local/cfg-zneng/gl_force format error! aos.playpark.ygc gl
09-11 22:51:49.337 31528 31670 E HostConnection: /data/local/cfg-zneng/gl_force format error! com.bladetw.bd gl
09-11 22:51:49.337 31528 31670 E HostConnection: /data/local/cfg-zneng/gl_force format error! com.elex.crossgate.tw.gp gl
09-11 22:51:49.339 31528 31670 I         : fastpipe: Connect success
09-11 22:51:49.347 31528 31670 I ConfigStore: android::hardware::configstore::V1_0::ISurfaceFlingerConfigs::hasWideColorDisplay retrieved: 0
09-11 22:51:49.347 31528 31670 I ConfigStore: android::hardware::configstore::V1_0::ISurfaceFlingerConfigs::hasHDRDisplay retrieved: 0
09-11 22:51:49.351 31528 31544 I com.dz.law: Background concurrent copying GC freed 51250(5MB) AllocSpace objects, 302(19MB) LOS objects, 45% free, 28MB/52MB, paused 329us total 150.505ms
09-11 22:51:49.395 31528 31670 I EGL_adreno: eglCreateContext request GLES major-version=2
09-11 22:51:49.395 31528 31670 I EGL_adreno: eglCreateContext request GLES minor-version=0
09-11 22:51:49.424 31528 31670 W GLESv2_enc: no support GL_NUM_PROGRAM_BINARY_FORMATS
09-11 22:51:49.449 31528 31670 I EGL_adreno: eglCreateContext request GLES major-version=3
09-11 22:51:49.449 31528 31670 I EGL_adreno: eglCreateContext request GLES minor-version=0
09-11 22:51:49.451 31528 31685 I UserMessagingPlatform: Use new ConsentDebugSettings.Builder().addTestDeviceHashedId("70036C869C29A66ECF60F1ED8878811B") to set this as a debug device.
09-11 22:51:49.462 31528 31670 E eglCodecCommon: glUtilsParamSize: unknow param 0x000088ef
09-11 22:51:49.464 31528 31670 W GLESv2_enc: no support GL_NUM_PROGRAM_BINARY_FORMATS
09-11 22:51:49.465 31528 31670 E eglCodecCommon: glUtilsParamSize: unknow param 0x000088ef
09-11 22:51:49.467 31528 31670 I chatty  : uid=12136(com.dz.law) Chrome_InProcGp identical 2 lines
09-11 22:51:49.467 31528 31670 E eglCodecCommon: glUtilsParamSize: unknow param 0x000088ef
09-11 22:51:49.507 31528 31573 W GooglePlayServicesUtil: com.dz.law requires the Google Play Store, but it is missing.
09-11 22:51:49.543 31528 31544 I com.dz.law: Background concurrent copying GC freed 64198(7MB) AllocSpace objects, 281(38MB) LOS objects, 50% free, 17MB/34MB, paused 420us total 117.614ms
09-11 22:51:49.603  1671  1691 W ActivityManager: Activity pause timeout for ActivityRecord{f9af7cc u0 com.dz.law/com.appyet.activity.MainActivity t277}
09-11 22:51:49.636  1671 17077 W Parcel  : **** enforceInterface() expected 'android.app.IActivityManager' but read 'android.media.IAudioService'
09-11 22:51:49.636  1671 17077 E Parcel  : Attempt to read from protected data in Parcel 0x7fff37c86320
09-11 22:51:49.636  1671 17077 I chatty  : uid=1000(system) Binder:1671_11 identical 1 line
09-11 22:51:49.636  1671 17077 E Parcel  : Attempt to read from protected data in Parcel 0x7fff37c86320
09-11 22:51:49.636  1671 17077 E Parcel  : Reading a NULL string not supported here.
09-11 22:51:49.636  1671 17077 W Parcel  : **** enforceInterface() expected 'com.sonymobile.hookservice.HookActivityService' but read ''
09-11 22:51:49.651 31528 31528 I GlobalMediaRouter: Found default route: MediaRouter.RouteInfo{ uniqueId=DEFAULT_ROUTE, name=الجهاز اللوحي, description=null, iconUri=null, enabled=true, connectionState=0, canDisconnect=false, playbackType=0, playbackStream=3, deviceType=0, volumeHandling=1, volume=15, volumeMax=15, presentationDisplayId=-1, extras=null, settingsIntent=null, providerPackageName=android }
09-11 22:51:49.651 31528 31528 I GlobalMediaRouter: Unselecting the current route because it is no longer selectable: null
09-11 22:51:49.665 31528 31528 I MediaRouterProxy: Don't need to set MediaRouterParams for Android S v2 or below
09-11 22:51:49.668 31528 31528 E DynamiteModule: Invalid GmsCore APK, remote loading disabled.
09-11 22:51:49.668 31528 31528 W DynamiteModule: Local module descriptor class for com.google.android.gms.cast.framework.dynamite not found.
09-11 22:51:49.668 31528 31528 I DynamiteModule: Considering local module com.google.android.gms.cast.framework.dynamite:0 and remote module com.google.android.gms.cast.framework.dynamite:0
09-11 22:51:49.669 31528 31666 W GooglePlayServicesUtil: com.dz.law requires the Google Play Store, but it is missing.
09-11 22:51:49.669 31528 31666 W GoogleApiManager: The service for com.google.android.gms.cast.internal.zzo is not available: ConnectionResult{statusCode=SERVICE_INVALID, resolution=null, message=null}
09-11 22:51:49.669 31528 31528 E pixel   : com.google.android.gms.cast.framework.ModuleUnavailableException: com.google.android.gms.dynamite.DynamiteModule$LoadingException: No acceptable module com.google.android.gms.cast.framework.dynamite found. Local version is 0 and remote version is 0.
09-11 22:51:49.669 31528 31528 W System.err: java.lang.RuntimeException: com.google.android.gms.cast.framework.ModuleUnavailableException: com.google.android.gms.dynamite.DynamiteModule$LoadingException: No acceptable module com.google.android.gms.cast.framework.dynamite found. Local version is 0 and remote version is 0.
09-11 22:51:49.669 31528 31528 W System.err: 	at com.google.android.gms.cast.framework.CastContext.getSharedInstance(SourceFile:12)
09-11 22:51:49.669 31528 31528 W System.err: 	at com.appyet.fragment.ExoMediaPlayerFragment.onActivityCreated(SourceFile:712)
09-11 22:51:49.669 31528 31528 W System.err: 	at androidx.fragment.app.Fragment.performActivityCreated(SourceFile:12)
09-11 22:51:49.669 31528 31528 W System.err: 	at androidx.fragment.app.z.a(SourceFile:36)
09-11 22:51:49.669 31528 31528 W System.err: 	at androidx.fragment.app.z.m(SourceFile:120)
09-11 22:51:49.669 31528 31528 W System.err: 	at androidx.fragment.app.FragmentManager.e0(SourceFile:231)
09-11 22:51:49.669 31528 31528 W System.err: 	at androidx.fragment.app.FragmentManager.m1(SourceFile:82)
09-11 22:51:49.669 31528 31528 W System.err: 	at androidx.fragment.app.FragmentManager.b0(SourceFile:22)
09-11 22:51:49.669 31528 31528 W System.err: 	at androidx.fragment.app.FragmentManager.T(SourceFile:41)
09-11 22:51:49.669 31528 31528 W System.err: 	at androidx.fragment.app.FragmentManager.y(SourceFile:12)
09-11 22:51:49.669 31528 31528 W System.err: 	at androidx.fragment.app.l.c(SourceFile:5)
09-11 22:51:49.669 31528 31528 W System.err: 	at androidx.fragment.app.i.onStart(SourceFile:21)
09-11 22:51:49.669 31528 31528 W System.err: 	at f.c.onStart(SourceFile:1)
09-11 22:51:49.669 31528 31528 W System.err: 	at com.appyet.activity.MainActivity.onStart(SourceFile:1)
09-11 22:51:49.669 31528 31528 W System.err: 	at android.app.Instrumentation.callActivityOnStart(Instrumentation.java:1391)
09-11 22:51:49.669 31528 31528 W System.err: 	at android.app.Activity.performStart(Activity.java:7165)
09-11 22:51:49.669 31528 31528 W System.err: 	at android.app.ActivityThread.handleStartActivity(ActivityThread.java:2982)
09-11 22:51:49.669 31528 31528 W System.err: 	at android.app.servertransaction.TransactionExecutor.performLifecycleSequence(TransactionExecutor.java:180)
09-11 22:51:49.669 31528 31528 W System.err: 	at android.app.servertransaction.TransactionExecutor.cycleToPath(TransactionExecutor.java:165)
09-11 22:51:49.669 31528 31528 W System.err: 	at android.app.servertransaction.TransactionExecutor.executeLifecycleState(TransactionExecutor.java:142)
09-11 22:51:49.670 31528 31528 W System.err: 	at android.app.servertransaction.TransactionExecutor.execute(TransactionExecutor.java:70)
09-11 22:51:49.670 31528 31528 W System.err: 	at android.app.ActivityThread$H.handleMessage(ActivityThread.java:1823)
09-11 22:51:49.670 31528 31528 W System.err: 	at android.os.Handler.dispatchMessage(Handler.java:106)
09-11 22:51:49.670 31528 31528 W System.err: 	at android.os.Looper.loop(Looper.java:193)
09-11 22:51:49.670 31528 31528 W System.err: 	at android.app.ActivityThread.main(ActivityThread.java:6840)
09-11 22:51:49.670 31528 31528 W System.err: 	at java.lang.reflect.Method.invoke(Native Method)
09-11 22:51:49.670 31528 31528 W System.err: 	at com.android.internal.os.RuntimeInit$MethodAndArgsCaller.run(RuntimeInit.java:493)
09-11 22:51:49.670 31528 31528 W System.err: 	at com.android.internal.os.ZygoteInit.main(ZygoteInit.java:860)
09-11 22:51:49.670 31528 31528 W System.err: Caused by: com.google.android.gms.cast.framework.ModuleUnavailableException: com.google.android.gms.dynamite.DynamiteModule$LoadingException: No acceptable module com.google.android.gms.cast.framework.dynamite found. Local version is 0 and remote version is 0.
09-11 22:51:49.670 31528 31528 W System.err: 	at com.google.android.gms.internal.cast.zzaf.zzf(SourceFile:44)
09-11 22:51:49.670 31528 31528 W System.err: 	at com.google.android.gms.internal.cast.zzaf.zza(SourceFile:1)
09-11 22:51:49.670 31528 31528 W System.err: 	at com.google.android.gms.cast.framework.CastContext.<init>(SourceFile:34)
09-11 22:51:49.670 31528 31528 W System.err: 	at com.google.android.gms.cast.framework.CastContext.getSharedInstance(SourceFile:10)
09-11 22:51:49.670 31528 31528 W System.err: 	... 27 more
09-11 22:51:49.670 31528 31528 W System.err: Caused by: com.google.android.gms.dynamite.DynamiteModule$LoadingException: No acceptable module com.google.android.gms.cast.framework.dynamite found. Local version is 0 and remote version is 0.
09-11 22:51:49.670 31528 31528 W System.err: 	at com.google.android.gms.dynamite.DynamiteModule.load(SourceFile:93)
09-11 22:51:49.670 31528 31528 W System.err: 	at com.google.android.gms.internal.cast.zzaf.zzf(SourceFile:5)
09-11 22:51:49.670 31528 31528 W System.err: 	... 30 more
09-11 22:51:49.671 31528 31528 I MediaRouterProxy: Don't need to set MediaRouterParams for Android S v2 or below
09-11 22:51:49.671 31528 31528 E DynamiteModule: Invalid GmsCore APK, remote loading disabled.
09-11 22:51:49.671 31528 31666 W GooglePlayServicesUtil: com.dz.law requires the Google Play Store, but it is missing.
09-11 22:51:49.671 31528 31666 W GoogleApiManager: The service for com.google.android.gms.cast.internal.zzo is not available: ConnectionResult{statusCode=SERVICE_INVALID, resolution=null, message=null}
09-11 22:51:49.671 31528 31528 W DynamiteModule: Local module descriptor class for com.google.android.gms.cast.framework.dynamite not found.
09-11 22:51:49.671 31528 31528 I DynamiteModule: Considering local module com.google.android.gms.cast.framework.dynamite:0 and remote module com.google.android.gms.cast.framework.dynamite:0
09-11 22:51:49.671 31528 31528 E CastContext: Failed to load module from Google Play services. Cast will not work properly. Might due to outdated Google Play services. Ignoring this failure silently.
09-11 22:51:49.671 31528 31528 I MediaRouterProxy: Don't need to set MediaRouterParams for Android S v2 or below
09-11 22:51:49.671 31528 31528 E DynamiteModule: Invalid GmsCore APK, remote loading disabled.
09-11 22:51:49.671 31528 31528 W DynamiteModule: Local module descriptor class for com.google.android.gms.cast.framework.dynamite not found.
09-11 22:51:49.671 31528 31528 I DynamiteModule: Considering local module com.google.android.gms.cast.framework.dynamite:0 and remote module com.google.android.gms.cast.framework.dynamite:0
09-11 22:51:49.672 31528 31528 E CastContext: Failed to load module from Google Play services. Cast will not work properly. Might due to outdated Google Play services. Ignoring this failure silently.
09-11 22:51:49.672 31528 31528 I MediaRouterProxy: Don't need to set MediaRouterParams for Android S v2 or below
09-11 22:51:49.672 31528 31666 W GooglePlayServicesUtil: com.dz.law requires the Google Play Store, but it is missing.
09-11 22:51:49.672 31528 31666 W GoogleApiManager: The service for com.google.android.gms.cast.internal.zzo is not available: ConnectionResult{statusCode=SERVICE_INVALID, resolution=null, message=null}
09-11 22:51:49.672 31528 31528 E DynamiteModule: Invalid GmsCore APK, remote loading disabled.
09-11 22:51:49.672 31528 31666 W GooglePlayServicesUtil: com.dz.law requires the Google Play Store, but it is missing.
09-11 22:51:49.672 31528 31528 W DynamiteModule: Local module descriptor class for com.google.android.gms.cast.framework.dynamite not found.
09-11 22:51:49.672 31528 31528 I DynamiteModule: Considering local module com.google.android.gms.cast.framework.dynamite:0 and remote module com.google.android.gms.cast.framework.dynamite:0
09-11 22:51:49.672 31528 31666 W GoogleApiManager: The service for com.google.android.gms.cast.internal.zzo is not available: ConnectionResult{statusCode=SERVICE_INVALID, resolution=null, message=null}
09-11 22:51:49.672 31528 31528 E CastContext: Failed to load module from Google Play services. Cast will not work properly. Might due to outdated Google Play services. Ignoring this failure silently.
09-11 22:51:49.697 31528 31528 I DefaultRenderersFactory: Loaded FfmpegAudioRenderer.
09-11 22:51:49.697 31528 31528 I ExoPlayerImpl: Init b19a1bd [ExoPlayerLib/2.11.4] [marlin, V1938CT, vivo, 28]
09-11 22:51:49.839  1816  2162 I Avrcp   : Skipping update due to invalid playback state
09-11 22:51:49.840  1816  2162 E bt_btif : register_notification_rsp: Avrcp device is not connected, handle: 0x0
09-11 22:51:49.840  1816  2162 I chatty  : uid=1002(bluetooth) BluetoothAvrcpH identical 4 lines
09-11 22:51:49.840  1816  2162 E bt_btif : register_notification_rsp: Avrcp device is not connected, handle: 0x0
09-11 22:51:49.913  2301  2301 W ContextImpl: Calling a method in the system process without a qualified user: android.app.ContextImpl.startService:1531 android.content.ContextWrapper.startService:664 android.content.ContextWrapper.startService:664 com.android.coreservice.CoreBroadcastReceiver.onReceive:53 android.app.ActivityThread.handleReceiver:3424 
09-11 22:51:49.940  1671  1684 W System  : A resource failed to call close. 
09-11 22:51:49.941  1671  1684 I chatty  : uid=1000(system) FinalizerDaemon identical 61 lines
09-11 22:51:49.941  1671  1684 W System  : A resource failed to call close. 
09-11 22:51:50.087 31528 31544 I com.dz.law: Background concurrent copying GC freed 31718(3MB) AllocSpace objects, 220(14MB) LOS objects, 50% free, 17MB/34MB, paused 1.226ms total 120.190ms
09-11 22:51:50.212 31528 31528 I Choreographer: Skipped 118 frames!  The application may be doing too much work on its main thread.
09-11 22:51:50.219 31528 31670 E eglCodecCommon: glUtilsParamSize: unknow param 0x000088ef
09-11 22:51:50.342 31528 31528 W ConnectivityManager.CallbackHandler: callback not found for CALLBACK_AVAILABLE message
09-11 22:51:50.343 31528 31528 W ConnectivityManager.CallbackHandler: callback not found for CALLBACK_AVAILABLE message
09-11 22:51:50.399  2420  2420 I RenderThread: type=1400 audit(0.0:31189): avc: denied { ioctl } for path="/dev/fastpipe" dev="tmpfs" ino=5888 ioctlcmd=6867 scontext=u:r:untrusted_app_25:s0:c512,c768 tcontext=u:object_r:device:s0 tclass=chr_file permissive=1
09-11 22:51:50.485  1825  1825 I RenderThread: type=1400 audit(0.0:31190): avc: denied { ioctl } for path="/dev/fastpipe" dev="tmpfs" ino=5888 ioctlcmd=6867 scontext=u:r:platform_app:s0:c512,c768 tcontext=u:object_r:device:s0 tclass=chr_file permissive=1
09-11 22:51:50.522 31528 31544 I com.dz.law: Background concurrent copying GC freed 75537(6MB) AllocSpace objects, 379(21MB) LOS objects, 50% free, 9MB/18MB, paused 15.843ms total 181.645ms
09-11 22:51:50.564 31528 31528 W ActivityThread: handleWindowVisibility: no activity for token android.os.BinderProxy@5d5060e
09-11 22:51:50.683 31528 31528 W RecyclerView: No adapter attached; skipping layout
09-11 22:51:50.683 31528 31528 W RecyclerView: No adapter attached; skipping layout
09-11 22:51:50.703 31528 31528 W StaticLayout: maxLineHeight should not be -1.  maxLines:1 lineCount:1
09-11 22:51:50.703 31528 31528 W StaticLayout: maxLineHeight should not be -1.  maxLines:1 lineCount:1
09-11 22:51:50.740 31528 31709 I OpenGLRenderer: Initialized EGL, version 1.4
09-11 22:51:50.740 31528 31709 I HostConnection: HostConnection::HostConnection: pid=31528, tid=31709, this=0xcfb3ac00
09-11 22:51:50.741 31528 31709 I         : fastpipe: Connect success
09-11 22:51:50.745 31528 31709 I EGL_adreno: eglCreateContext request GLES major-version=2
09-11 22:51:50.747 31528 31528 I Ads     : JS: The jsLoaded GMSG has been sent (https://googleads.g.doubleclick.net/mads/static/mad/sdk/native/production/sdk-core-v40-impl.html:976)
09-11 22:51:50.761 31528 31568 I FA      : Install Referrer Reporter is not available
09-11 22:51:50.805 31528 31709 E eglCodecCommon: glUtilsParamSize: unknow param 0x00008c29
09-11 22:51:50.806 31528 31709 W GLESv2_enc: no support GL_NUM_PROGRAM_BINARY_FORMATS
09-11 22:51:50.827 31528 31709 E EGL_adreno: tid 31709: eglSurfaceAttrib(1350): error 0x3009 (EGL_BAD_MATCH)
09-11 22:51:50.827 31528 31709 W OpenGLRenderer: Failed to set EGL_SWAP_BEHAVIOR on surface 0xcf3e7480, error=EGL_BAD_MATCH
09-11 22:51:50.899  1671  1690 I ActivityManager: Displayed com.dz.law/com.appyet.activity.IntroActivity: +3s12ms
09-11 22:51:50.929 31528 31528 W StaticLayout: maxLineHeight should not be -1.  maxLines:2 lineCount:2
09-11 22:51:50.929 31528 31528 W StaticLayout: maxLineHeight should not be -1.  maxLines:2 lineCount:2
09-11 22:51:50.946  1511  2253 W SurfaceFlinger: Attempting to set client state on removed layer: Splash Screen com.dz.law#0
09-11 22:51:50.946  1511  2253 W SurfaceFlinger: Attempting to destroy on removed layer: Splash Screen com.dz.law#0
09-11 22:51:50.946 31528 31528 W StaticLayout: maxLineHeight should not be -1.  maxLines:2 lineCount:2
09-11 22:51:50.957 31528 31528 I chatty  : uid=12136(com.dz.law) identical 10 lines
09-11 22:51:50.957 31528 31528 W StaticLayout: maxLineHeight should not be -1.  maxLines:2 lineCount:2
09-11 22:51:51.036  1671  1684 W System  : A resource failed to call close. 
09-11 22:51:51.037  1671  1684 I chatty  : uid=1000(system) FinalizerDaemon identical 62 lines
09-11 22:51:51.037  1671  1684 W System  : A resource failed to call close. 
09-11 22:51:58.272  1671  1762 I InputReader: Reconfiguring input devices.  changes=0x00000010
09-11 22:51:50.588  2301  2301 W ContextImpl: Calling a method in the system process without a qualified user: android.app.ContextImpl.startService:1531 android.content.ContextWrapper.startService:664 android.content.ContextWrapper.startService:664 com.android.coreservice.CoreBroadcastReceiver.onReceive:53 android.app.ActivityThread.handleReceiver:3424 
09-11 22:51:58.292  1671  1671 I Telecom : DefaultDialerCache: Refreshing default dialer for user 0: now null: DDC.oR@Ahw
09-11 22:51:58.346  1671  1690 W Searchables: No global search activity found
09-11 22:51:58.348  1671  1690 W VoiceInteractionManagerService: no available voice interaction services found for user 0
09-11 22:51:58.695  2420  2420 I launcher-loader: type=1400 audit(0.0:31196): avc: denied { read } for name="Pictures" dev="sdcardfs" ino=1572867 scontext=u:r:untrusted_app_25:s0:c512,c768 tcontext=u:object_r:sdcardfs:s0 tclass=lnk_file permissive=1
09-11 22:51:58.714  2420  2420 I Launcher: Deferring update until onResume
09-11 22:51:58.723  1671 17077 W BackupManagerService: dataChanged but no participant pkg='com.android.launcher3' uid=10033
09-11 22:51:58.723  2420  2420 I chatty  : uid=10033(com.android.launcher3) identical 1 line
09-11 22:51:58.782  2420  2420 I Launcher: Deferring update until onResume
09-11 22:51:59.085 31759 31759 E cutils-trace: Error opening trace file: No such file or directory (2)
09-11 22:51:59.089 31759 31759 I HostConnection: HostConnection::HostConnection: pid=31759, tid=31759, this=0x7fff7422ee40
09-11 22:51:59.090 31759 31759 I         : fastpipe: Connect success
09-11 22:51:59.091 31759 31759 E HostConnection: /data/local/cfg-zneng/gl_force format error! com.ncsoft.lineagen gl
09-11 22:51:59.091 31759 31759 E HostConnection: /data/local/cfg-zneng/gl_force format error! com.vng.thiennhaiminhnguyetdaovng gl
09-11 22:51:59.091 31759 31759 E HostConnection: /data/local/cfg-zneng/gl_force format error! com.proximabeta.tdm.kr gl
09-11 22:51:59.091 31759 31759 E HostConnection: /data/local/cfg-zneng/gl_force format error! com.proximabeta.tdm.kr.cloud gl
09-11 22:51:59.091 31759 31759 E HostConnection: /data/local/cfg-zneng/gl_force format error! com.proximabeta.tdm.kr.onestore gl
09-11 22:51:59.091 31759 31759 E HostConnection: /data/local/cfg-zneng/gl_force format error! com.tencent.tmgp.wuxia gl
09-11 22:51:59.091 31759 31759 E HostConnection: /data/local/cfg-zneng/gl_force format error! com.qqsy.gundam.ld gl
09-11 22:51:59.091 31759 31759 E HostConnection: /data/local/cfg-zneng/gl_force format error! com.qqsy.gundam gl
09-11 22:51:59.091 31759 31759 E HostConnection: /data/local/cfg-zneng/gl_force format error! com.gravity.cute.tw.testand gl
09-11 22:51:59.091 31759 31759 E HostConnection: /data/local/cfg-zneng/gl_force format error! com.cayenne.gvl gl
09-11 22:51:59.091 31759 31759 E HostConnection: /data/local/cfg-zneng/gl_force format error! com.netmarble.tskgb gl
09-11 22:51:59.091 31759 31759 E HostConnection: /data/local/cfg-zneng/gl_force format error! com.longe.racehmt gl
09-11 22:51:59.091 31759 31759 E HostConnection: /data/local/cfg-zneng/gl_force format error! com.gvi.robegins.aos gl
09-11 22:51:59.091 31759 31759 E HostConnection: /data/local/cfg-zneng/gl_force format error! com.studiocodedragon.projectss gl
09-11 22:51:59.091 31759 31759 E HostConnection: /data/local/cfg-zneng/gl_force format error! com.jingxiu.hygd gl
09-11 22:51:59.091 31759 31759 E HostConnection: /data/local/cfg-zneng/gl_force format error! com.playwith.nsealm.tw.googl gl
09-11 22:51:59.091 31759 31759 E HostConnection: /data/local/cfg-zneng/gl_force format error! com.playwith.sealm.kr.googl gl
09-11 22:51:59.091 31759 31759 E HostConnection: /data/local/cfg-zneng/gl_force format error! com.gravity.cute.tw.and gl
09-11 22:51:59.091 31759 31759 E HostConnection: /data/local/cfg-zneng/gl_force format error! com.forgefun.redcovenant gl
09-11 22:51:59.091 31759 31759 E HostConnection: /data/local/cfg-zneng/gl_force format error! com.silkroad.mb gl
09-11 22:51:59.091 31759 31759 E HostConnection: /data/local/cfg-zneng/gl_force format error! com.vortexgravity.bealive.ld gl
09-11 22:51:59.091 31759 31759 E HostConnection: /data/local/cfg-zneng/gl_force format error! com.com2usholdings.soulstrike.android.google.global.normal gl
09-11 22:51:59.091 31759 31759 E HostConnection: /data/local/cfg-zneng/gl_force format error! com.cobby.lonelysurvivor gl
09-11 22:51:59.091 31759 31759 E HostConnection: /data/local/cfg-zneng/gl_force format error! com.cmge.ltqrc gl
09-11 22:51:59.091 31759 31759 E HostConnection: /data/local/cfg-zneng/gl_force format error! com.cmge.ltqrc.ld gl
09-11 22:51:59.091 31759 31759 E HostConnection: /data/local/cfg-zneng/gl_force format error! com.seasun.jxqy0.jsgf.xsj gl
09-11 22:51:59.091 31759 31759 E HostConnection: /data/local/cfg-zneng/gl_force format error! com.seasun.jxqy0.huawei gl
09-11 22:51:59.091 31759 31759 E HostConnection: /data/local/cfg-zneng/gl_force format error! com.mobigame.tt12 gl
09-11 22:51:59.091 31759 31759 E HostConnection: /data/local/cfg-zneng/gl_force format error! com.kaneten.client.and gl
09-11 22:51:59.091 31759 31759 E HostConnection: /data/local/cfg-zneng/gl_force format error! com.playwith.rohan2.kr gl
09-11 22:51:59.091 31759 31759 E HostConnection: /data/local/cfg-zneng/gl_force format error! com.linecorp.LGATF gl
09-11 22:51:59.091 31759 31759 E HostConnection: /data/local/cfg-zneng/gl_force format error! com.atknsyl.weaponmaster gl
09-11 22:51:59.091 31759 31759 E HostConnection: /data/local/cfg-zneng/gl_force format error! com.blizzard.diablo.immortal gl
09-11 22:51:59.091 31759 31759 E HostConnection: /data/local/cfg-zneng/gl_force format error! com.netease.dfjssea gl
09-11 22:51:59.091 31759 31759 E HostConnection: /data/local/cfg-zneng/gl_force format error! com.netease.dfjsjp gl
09-11 22:51:59.091 31759 31759 E HostConnection: /data/local/cfg-zneng/gl_force format error! com.netease.dfjskr gl
09-11 22:51:59.091 31759 31759 E HostConnection: /data/local/cfg-zneng/gl_force format error! jp.co.applibot.chiikawapocketgl gl
09-11 22:51:59.091 31759 31759 E HostConnection: /data/local/cfg-zneng/gl_force format error! jp.co.applibot.chiikawapocket gl
09-11 22:51:59.091 31759 31759 E HostConnection: /data/local/cfg-zneng/gl_force format error! com.kakaogames.pcr gl
09-11 22:51:59.091 31759 31759 E HostConnection: /data/local/cfg-zneng/gl_force format error! com.kakaogames.eversoul gl
09-11 22:51:59.091 31759 31759 E HostConnection: /data/local/cfg-zneng/gl_force format error! com.kakaogames.eversouljp gl
09-11 22:51:59.091 31759 31759 E HostConnection: /data/local/cfg-zneng/gl_force format error! com.ntrance.dkr.and gl
09-11 22:51:59.091 31759 31759 E HostConnection: /data/local/cfg-zneng/gl_force format error! com.zlongame.eversoul gl
09-11 22:51:59.091 31759 31759 E HostConnection: /data/local/cfg-zneng/gl_force format error! com.Chillgaming.oneState gl
09-11 22:51:59.091 31759 31759 E HostConnection: /data/local/cfg-zneng/gl_force format error! com.activision.callofduty.shooter gl
09-11 22:51:59.091 31759 31759 E HostConnection: /data/local/cfg-zneng/gl_force format error! com.garena.game.codm gl
09-11 22:51:59.091 31759 31759 E HostConnection: /data/local/cfg-zneng/gl_force format error! com.vng.codmvn gl
09-11 22:51:59.091 31759 31759 E HostConnection: /data/local/cfg-zneng/gl_force format error! com.VIIBYTE.RivalisAcademiaNexus gl
09-11 22:51:59.091 31759 31759 E HostConnection: /data/local/cfg-zneng/gl_force format error! com.qjsjqy.ld gl
09-11 22:51:59.091 31759 31759 E HostConnection: /data/local/cfg-zneng/gl_force format error! com.dragonli.projectsnow gl
09-11 22:51:59.091 31759 31759 E HostConnection: /data/local/cfg-zneng/gl_force format error! com.netmarble.kofafk gl
09-11 22:51:59.091 31759 31759 E HostConnection: /data/local/cfg-zneng/gl_force format error! com.greenmushroom.boomblitz.gp gl
09-11 22:51:59.091 31759 31759 E HostConnection: /data/local/cfg-zneng/gl_force format error! com.hermes.p6gameos gl
09-11 22:51:59.091 31759 31759 E HostConnection: /data/local/cfg-zneng/gl_force format error! com.crystal.usad gl
09-11 22:51:59.091 31759 31759 E HostConnection: /data/local/cfg-zneng/gl_force format error! com.jingxiu.yanwu gl
09-11 22:51:59.091 31759 31759 E HostConnection: /data/local/cfg-zneng/gl_force format error! com.playhardlab.heroes gl
09-11 22:51:59.091 31759 31759 E HostConnection: /data/local/cfg-zneng/gl_force format error! com.topgamestudio.americanblocksnipersurvival.jf gl
09-11 22:51:59.091 31759 31759 E HostConnection: /data/local/cfg-zneng/gl_force format error! vng.games.gs1.phongthan.mobile.com gl
09-11 22:51:59.091 31759 31759 E HostConnection: /data/local/cfg-zneng/gl_force format error! com.userjoy.szm gl
09-11 22:51:59.091 31759 31759 E HostConnection: /data/local/cfg-zneng/gl_force format error! com.netease.yzs gl
09-11 22:51:59.091 31759 31759 E HostConnection: /data/local/cfg-zneng/gl_force format error! com.korea.tamamonkr.google gl
09-11 22:51:59.091 31759 31759 E HostConnection: /data/local/cfg-zneng/gl_force format error! com.huanxi.datulong gl
09-11 22:51:59.091 31759 31759 E HostConnection: /data/local/cfg-zneng/gl_force format error! com.com2us.legendsummoner.android.google.global.normal gl
09-11 22:51:59.091 31759 31759 E HostConnection: /data/local/cfg-zneng/gl_force format error! com.metek.atm2 gl
09-11 22:51:59.091 31759 31759 E HostConnection: /data/local/cfg-zneng/gl_force format error! com.huiqi.mrby gl
