08-10 17:45:44.680  1672  1692 I system_server: libdebuggerd_client: started dumping process 2018
08-10 17:45:44.680  1530  1530 I /system/bin/tombstoned: registered intercept for pid 2018 and type kDebuggerdJavaBacktrace
08-10 17:45:44.680  2256  2267 I com.android.se: Wrote stack traces to '[tombstoned]'
08-10 17:45:44.680  2018  2029 I m.android.phon: Thread[3,tid=2029,WaitingInMainSignalCatcherLoop,Thread*=0x7fff72816400,peer=0x138804e0,"Signal Catcher"]: reacting to signal 3
08-10 17:45:44.680  2018  2029 I m.android.phon: 
08-10 17:45:44.761  1530  1530 I /system/bin/tombstoned: received crash request for pid 2018
08-10 17:45:44.761  1530  1530 I /system/bin/tombstoned: found intercept fd 512 for pid 2018 and type kDebuggerdJavaBacktrace
08-10 17:45:44.762  1672  1692 I system_server: libdebuggerd_client: done dumping process 2018
08-10 17:45:44.762  1672  1692 I system_server: libdebuggerd_client: started dumping process 1820
08-10 17:45:44.762  1530  1530 I /system/bin/tombstoned: registered intercept for pid 1820 and type kDebuggerdJavaBacktrace
08-10 17:45:44.762  1820  1907 I ndroid.systemu: Thread[3,tid=1907,WaitingInMainSignalCatcherLoop,Thread*=0x7fff72816400,peer=0x13840658,"Signal Catcher"]: reacting to signal 3
08-10 17:45:44.762  1820  1907 I ndroid.systemu: 
08-10 17:45:44.762  2018  2029 I m.android.phon: Wrote stack traces to '[tombstoned]'
08-10 17:45:44.945  1530  1530 I /system/bin/tombstoned: received crash request for pid 1820
08-10 17:45:44.945  1530  1530 I /system/bin/tombstoned: found intercept fd 512 for pid 1820 and type kDebuggerdJavaBacktrace
08-10 17:45:44.946  1672  1692 I system_server: libdebuggerd_client: done dumping process 1820
08-10 17:45:44.946  1672  1692 I system_server: libdebuggerd_client: started dumping process 1497
08-10 17:45:44.946  1530  1530 I /system/bin/tombstoned: registered intercept for pid 1497 and type kDebuggerdNativeBacktrace
08-10 17:45:44.946  1820  1907 I ndroid.systemu: Wrote stack traces to '[tombstoned]'
08-10 17:45:44.946  1497  1497 I libc    : Requested dump for tid 1497 (audioserver)
08-10 17:45:45.017  2655  2655 E cutils-trace: Error opening trace file: No such file or directory (2)
08-10 17:45:45.022  2656  2656 I crash_dump32: obtaining output fd from tombstoned, type: kDebuggerdNativeBacktrace
08-10 17:45:45.022  1530  1530 I /system/bin/tombstoned: received crash request for pid 1497
08-10 17:45:45.022  1530  1530 I /system/bin/tombstoned: found intercept fd 512 for pid 1497 and type kDebuggerdNativeBacktrace
08-10 17:45:45.022  2656  2656 I crash_dump32: performing dump of process 1497 (target tid = 1497)
08-10 17:45:45.048  1672  1692 I system_server: libdebuggerd_client: done dumping process 1497
08-10 17:45:45.048  1672  1692 I system_server: libdebuggerd_client: started dumping process 1499
08-10 17:45:45.048  1530  1530 I /system/bin/tombstoned: registered intercept for pid 1499 and type kDebuggerdNativeBacktrace
08-10 17:45:45.049  1499  1499 I libc    : Requested dump for tid 1499 (surfaceflinger)
08-10 17:45:45.073  2661  2661 E cutils-trace: Error opening trace file: No such file or directory (2)
08-10 17:45:45.078  2662  2662 I crash_dump64: obtaining output fd from tombstoned, type: kDebuggerdNativeBacktrace
08-10 17:45:45.079  1530  1530 I /system/bin/tombstoned: received crash request for pid 1499
08-10 17:45:45.079  1530  1530 I /system/bin/tombstoned: found intercept fd 512 for pid 1499 and type kDebuggerdNativeBacktrace
08-10 17:45:45.079  2662  2662 I crash_dump64: performing dump of process 1499 (target tid = 1499)
08-10 17:45:45.142  1672  1692 I system_server: libdebuggerd_client: done dumping process 1499
08-10 17:45:45.142  1672  1692 I system_server: libdebuggerd_client: started dumping process 1512
08-10 17:45:45.142  1530  1530 I /system/bin/tombstoned: registered intercept for pid 1512 and type kDebuggerdNativeBacktrace
08-10 17:45:45.142  1512  1512 I libc    : Requested dump for tid 1512 (cameraserver)
08-10 17:45:45.146  2666  2666 E cutils-trace: Error opening trace file: No such file or directory (2)
08-10 17:45:45.149  2667  2667 I crash_dump32: obtaining output fd from tombstoned, type: kDebuggerdNativeBacktrace
08-10 17:45:45.149  1530  1530 I /system/bin/tombstoned: received crash request for pid 1512
08-10 17:45:45.149  1530  1530 I /system/bin/tombstoned: found intercept fd 512 for pid 1512 and type kDebuggerdNativeBacktrace
08-10 17:45:45.149  2667  2667 I crash_dump32: performing dump of process 1512 (target tid = 1512)
08-10 17:45:45.164  1672  1692 I system_server: libdebuggerd_client: done dumping process 1512
08-10 17:45:45.164  1672  1692 I system_server: libdebuggerd_client: started dumping process 1515
08-10 17:45:45.164  1530  1530 I /system/bin/tombstoned: registered intercept for pid 1515 and type kDebuggerdNativeBacktrace
08-10 17:45:45.165  1515  1515 I libc    : Requested dump for tid 1515 (drmserver)
08-10 17:45:45.168  2671  2671 E cutils-trace: Error opening trace file: No such file or directory (2)
08-10 17:45:45.169  2672  2672 I crash_dump32: obtaining output fd from tombstoned, type: kDebuggerdNativeBacktrace
08-10 17:45:45.169  1530  1530 I /system/bin/tombstoned: received crash request for pid 1515
08-10 17:45:45.169  1530  1530 I /system/bin/tombstoned: found intercept fd 512 for pid 1515 and type kDebuggerdNativeBacktrace
08-10 17:45:45.169  2672  2672 I crash_dump32: performing dump of process 1515 (target tid = 1515)
08-10 17:45:45.181  1672  1692 I system_server: libdebuggerd_client: done dumping process 1515
08-10 17:45:45.181  1672  1692 I system_server: libdebuggerd_client: started dumping process 1519
08-10 17:45:45.181  1530  1530 I /system/bin/tombstoned: registered intercept for pid 1519 and type kDebuggerdNativeBacktrace
08-10 17:45:45.182  1519  1519 I libc    : Requested dump for tid 1519 (mediadrmserver)
08-10 17:45:45.185  2676  2676 E cutils-trace: Error opening trace file: No such file or directory (2)
08-10 17:45:45.186  2677  2677 I crash_dump32: obtaining output fd from tombstoned, type: kDebuggerdNativeBacktrace
08-10 17:45:45.186  1530  1530 I /system/bin/tombstoned: received crash request for pid 1519
08-10 17:45:45.186  1530  1530 I /system/bin/tombstoned: found intercept fd 512 for pid 1519 and type kDebuggerdNativeBacktrace
08-10 17:45:45.186  2677  2677 I crash_dump32: performing dump of process 1519 (target tid = 1519)
08-10 17:45:45.202  1672  1692 I system_server: libdebuggerd_client: done dumping process 1519
08-10 17:45:45.202  1672  1692 I system_server: libdebuggerd_client: started dumping process 1520
08-10 17:45:45.202  1530  1530 I /system/bin/tombstoned: registered intercept for pid 1520 and type kDebuggerdNativeBacktrace
08-10 17:45:45.203  1520  1520 I libc    : Requested dump for tid 1520 (mediaextractor)
08-10 17:45:45.207  2681  2681 E cutils-trace: Error opening trace file: No such file or directory (2)
08-10 17:45:45.210  2682  2682 I crash_dump64: obtaining output fd from tombstoned, type: kDebuggerdNativeBacktrace
08-10 17:45:45.210  1530  1530 I /system/bin/tombstoned: received crash request for pid 1520
08-10 17:45:45.210  1530  1530 I /system/bin/tombstoned: found intercept fd 512 for pid 1520 and type kDebuggerdNativeBacktrace
08-10 17:45:45.210  2682  2682 I crash_dump64: performing dump of process 1520 (target tid = 1520)
08-10 17:45:45.215  1672  1692 I system_server: libdebuggerd_client: done dumping process 1520
08-10 17:45:45.215  1672  1692 I system_server: libdebuggerd_client: started dumping process 1521
08-10 17:45:45.215  1530  1530 I /system/bin/tombstoned: registered intercept for pid 1521 and type kDebuggerdNativeBacktrace
08-10 17:45:45.215  1521  1521 I libc    : Requested dump for tid 1521 (mediametrics)
08-10 17:45:45.218  2686  2686 E cutils-trace: Error opening trace file: No such file or directory (2)
08-10 17:45:45.219  2687  2687 I crash_dump64: obtaining output fd from tombstoned, type: kDebuggerdNativeBacktrace
08-10 17:45:45.219  1530  1530 I /system/bin/tombstoned: received crash request for pid 1521
08-10 17:45:45.219  1530  1530 I /system/bin/tombstoned: found intercept fd 512 for pid 1521 and type kDebuggerdNativeBacktrace
08-10 17:45:45.219  2687  2687 I crash_dump64: performing dump of process 1521 (target tid = 1521)
08-10 17:45:45.229  1672  1692 I system_server: libdebuggerd_client: done dumping process 1521
08-10 17:45:45.229  1672  1692 I system_server: libdebuggerd_client: started dumping process 1522
08-10 17:45:45.229  1530  1530 I /system/bin/tombstoned: registered intercept for pid 1522 and type kDebuggerdNativeBacktrace
08-10 17:45:45.229  1522  1522 I libc    : Requested dump for tid 1522 (mediaserver)
08-10 17:45:45.233  2692  2692 E cutils-trace: Error opening trace file: No such file or directory (2)
08-10 17:45:45.235  2693  2693 I crash_dump32: obtaining output fd from tombstoned, type: kDebuggerdNativeBacktrace
08-10 17:45:45.235  1530  1530 I /system/bin/tombstoned: received crash request for pid 1522
08-10 17:45:45.235  1530  1530 I /system/bin/tombstoned: found intercept fd 512 for pid 1522 and type kDebuggerdNativeBacktrace
08-10 17:45:45.235  2693  2693 I crash_dump32: performing dump of process 1522 (target tid = 1522)
08-10 17:45:45.243  1672  1692 I system_server: libdebuggerd_client: done dumping process 1522
08-10 17:45:45.243  1672  1692 I system_server: libdebuggerd_client: started dumping process 1526
08-10 17:45:45.243  1530  1530 I /system/bin/tombstoned: registered intercept for pid 1526 and type kDebuggerdNativeBacktrace
08-10 17:45:45.255  1530  1530 I /system/bin/tombstoned: received crash request for pid 1526
08-10 17:45:45.255  1530  1530 I /system/bin/tombstoned: found intercept fd 512 for pid 1526 and type kDebuggerdNativeBacktrace
08-10 17:45:45.286  1672  1692 I system_server: libdebuggerd_client: done dumping process 1526
08-10 17:45:45.286  1672  1692 I system_server: libdebuggerd_client: started dumping process 1811
08-10 17:45:45.286  1530  1530 I /system/bin/tombstoned: registered intercept for pid 1811 and type kDebuggerdNativeBacktrace
08-10 17:45:45.287  1811  1811 I libc    : Requested dump for tid 1811 (droid.bluetooth)
08-10 17:45:45.292  2697  2697 E cutils-trace: Error opening trace file: No such file or directory (2)
08-10 17:45:45.299  2698  2698 I crash_dump64: obtaining output fd from tombstoned, type: kDebuggerdNativeBacktrace
08-10 17:45:45.300  1530  1530 I /system/bin/tombstoned: received crash request for pid 1811
08-10 17:45:45.300  1530  1530 I /system/bin/tombstoned: found intercept fd 512 for pid 1811 and type kDebuggerdNativeBacktrace
08-10 17:45:45.300  2698  2698 I crash_dump64: performing dump of process 1811 (target tid = 1811)
08-10 17:45:45.441 24158 24158 I RenderThread: type=1400 audit(0.0:103444): avc: denied { ioctl } for path="/dev/fastpipe" dev="tmpfs" ino=7224 ioctlcmd=6867 scontext=u:r:untrusted_app_25:s0:c512,c768 tcontext=u:object_r:device:s0 tclass=chr_file permissive=1
08-10 17:45:45.500  1672  1692 I system_server: libdebuggerd_client: done dumping process 1811
08-10 17:45:45.500  1672  1692 I system_server: libdebuggerd_client: started dumping process 24158
08-10 17:45:45.500  1530  1530 I /system/bin/tombstoned: registered intercept for pid 24158 and type kDebuggerdJavaBacktrace
08-10 17:45:45.500 24158 24169 I droid.launcher: Thread[3,tid=24169,WaitingInMainSignalCatcherLoop,Thread*=0x7fff72816400,peer=0x12d40228,"Signal Catcher"]: reacting to signal 3
08-10 17:45:45.500 24158 24169 I droid.launcher: 
08-10 17:45:45.566  1530  1530 I /system/bin/tombstoned: received crash request for pid 24158
08-10 17:45:45.566  1530  1530 I /system/bin/tombstoned: found intercept fd 512 for pid 24158 and type kDebuggerdJavaBacktrace
08-10 17:45:45.567 24158 24169 I droid.launcher: Wrote stack traces to '[tombstoned]'
08-10 17:45:45.567  1672  1692 I system_server: libdebuggerd_client: done dumping process 24158
08-10 17:45:45.570  1672  1692 E ActivityManager: ANR in com.lomolsoft.language.learnamharic (com.lomolsoft.language.learnamharic/.activity.WelActivity)
08-10 17:45:45.570  1672  1692 E ActivityManager: PID: 1912
08-10 17:45:45.570  1672  1692 E ActivityManager: Reason: Input dispatching timed out (Waiting because no window has focus but there is a focused application that may eventually add a window when it finishes starting up.)
08-10 17:45:45.570  1672  1692 E ActivityManager: Load: 6.24 / 6.23 / 6.26
08-10 17:45:45.570  1672  1692 E ActivityManager: CPU usage from 0ms to 16862ms later (2025-08-10 17:45:28.704 to 2025-08-10 17:45:45.567):
08-10 17:45:45.570  1672  1692 E ActivityManager:   3.2% 24158/com.android.launcher3: 2.7% user + 0.5% kernel / faults: 2623 minor 13 major
08-10 17:45:45.570  1672  1692 E ActivityManager:   2.4% 2334/adbd: 0% user + 2.3% kernel / faults: 112971 minor
08-10 17:45:45.570  1672  1692 E ActivityManager:   1.4% 1672/system_server: 0.7% user + 0.7% kernel / faults: 5913 minor 105 major
08-10 17:45:45.570  1672  1692 E ActivityManager:   0% 1526/media.codec: 0% user + 0% kernel / faults: 2020 minor 7 major
08-10 17:45:45.570  1672  1692 E ActivityManager:   0.2% 1820/com.android.systemui: 0.1% user + 0% kernel / faults: 1963 minor 21 major
08-10 17:45:45.570  1672  1692 E ActivityManager:   0.2% 2325/io.github.ylimit.droidbotapp: 0.1% user + 0% kernel / faults: 1863 minor 10 major
08-10 17:45:45.570  1672  1692 E ActivityManager:   0.1% 1487/android.hardware.graphics.composer@2.1-service: 0% user + 0.1% kernel
08-10 17:45:45.570  1672  1692 E ActivityManager:   0.1% 24123/com.android.inputmethod.pinyin: 0.1% user + 0% kernel / faults: 2125 minor 2 major
08-10 17:45:45.570  1672  1692 E ActivityManager:   0.1% 1341/logd: 0% user + 0.1% kernel
08-10 17:45:45.570  1672  1692 E ActivityManager:   0.1% 1492/android.hardware.sensors@1.0-service: 0.1% user + 0% kernel
08-10 17:45:45.570  1672  1692 E ActivityManager:   0.1% 1912/com.lomolsoft.language.learnamharic: 0.1% user + 0% kernel / faults: 785 minor 41 major
08-10 17:45:45.570  1672  1692 E ActivityManager:   0.1% 2018/com.android.phone: 0.1% user + 0% kernel / faults: 715 minor 3 major
08-10 17:45:45.570  1672  1692 E ActivityManager:   0% 1//init: 0% user + 0% kernel / faults: 1 major
08-10 17:45:45.570  1672  1692 E ActivityManager:   0% 7/rcu_preempt: 0% user + 0% kernel
08-10 17:45:45.570  1672  1692 E ActivityManager:   0% 12/ksoftirqd/1: 0% user + 0% kernel
08-10 17:45:45.570  1672  1692 E ActivityManager:   0% 1497/audioserver: 0% user + 0% kernel / faults: 56 minor 4 major
08-10 17:45:45.570  1672  1692 E ActivityManager:   0% 1530/tombstoned: 0% user + 0% kernel / faults: 8 minor 3 major
08-10 17:45:45.570  1672  1692 E ActivityManager:   0% 1811/com.android.bluetooth: 0% user + 0% kernel / faults: 246 minor 11 major
08-10 17:45:45.570  1672  1692 E ActivityManager:   0% 2256/com.android.se: 0% user + 0% kernel / faults: 706 minor 1 major
08-10 17:45:45.570  1672  1692 E ActivityManager:   0% 2261/com.android.coreservice: 0% user + 0% kernel / faults: 641 minor 6 major
08-10 17:45:45.570  1672  1692 E ActivityManager:   0% 2304/cn.trinea.android.developertools: 0% user + 0% kernel
08-10 17:45:45.570  1672  1692 E ActivityManager:   0% 14810/bin.mt.plus: 0% user + 0% kernel
08-10 17:45:45.570  1672  1692 E ActivityManager:   0% 29109/kworker/u8:0: 0% user + 0% kernel
08-10 17:45:45.570  1672  1692 E ActivityManager: 4.2% TOTAL: 1.1% user + 1.2% kernel + 1.5% iowait + 0.2% softirq
08-10 17:45:45.570  1672  1692 E ActivityManager: CPU usage from 13ms to 244ms later (2025-08-10 17:45:28.718 to 2025-08-10 17:45:28.949):
08-10 17:45:45.570  1672  1692 E ActivityManager:   9.2% 1672/system_server: 4.6% user + 4.6% kernel / faults: 273 minor
08-10 17:45:45.570  1672  1692 E ActivityManager:     4.6% 1692/ActivityManager: 0% user + 4.6% kernel
08-10 17:45:45.570  1672  1692 E ActivityManager:   4.7% 24158/com.android.launcher3: 4.7% user + 0% kernel / faults: 7 minor
08-10 17:45:45.570  1672  1692 E ActivityManager:     4.7% 670/glide-animation: 4.7% user + 0% kernel
08-10 17:45:45.570  1672  1692 E ActivityManager: 5.4% TOTAL: 1% user + 4.3% kernel
08-10 17:45:45.678  1499  1499 I surfaceflinger: type=1400 audit(0.0:103445): avc: denied { ioctl } for path="/dev/fastpipe" dev="tmpfs" ino=7224 ioctlcmd=6867 scontext=u:r:surfaceflinger:s0 tcontext=u:object_r:device:s0 tclass=chr_file permissive=1
08-10 17:45:45.707  1672  1693 W Looper  : Slow dispatch took 135ms android.ui h=com.android.server.am.ActivityManagerService$UiHandler c=null m=2
08-10 17:45:45.754  1672  3398 I HostConnection: HostConnection::HostConnection: pid=1672, tid=3398, this=0x7fff7245b4e0
08-10 17:45:45.755  1672  3398 I         : fastpipe: Connect success
08-10 17:45:45.770  1672  3398 I ConfigStore: android::hardware::configstore::V1_0::ISurfaceFlingerConfigs::hasWideColorDisplay retrieved: 0
08-10 17:45:45.770  1672  3398 I ConfigStore: android::hardware::configstore::V1_0::ISurfaceFlingerConfigs::hasHDRDisplay retrieved: 0
08-10 17:45:45.770  1672  3398 I OpenGLRenderer: Initialized EGL, version 1.4
08-10 17:45:45.770  1672  3398 I EGL_adreno: eglCreateContext request GLES major-version=2
08-10 17:45:45.981  1672  3398 E eglCodecCommon: glUtilsParamSize: unknow param 0x00008c29
08-10 17:45:45.982  1672  3398 W GLESv2_enc: no support GL_NUM_PROGRAM_BINARY_FORMATS
08-10 17:45:46.002  1672  3398 E EGL_adreno: tid 3398: eglSurfaceAttrib(1350): error 0x3009 (EGL_BAD_MATCH)
08-10 17:45:46.002  1672  3398 W OpenGLRenderer: Failed to set EGL_SWAP_BEHAVIOR on surface 0x7fff480d5700, error=EGL_BAD_MATCH
08-10 17:45:46.045  1672  1693 W Looper  : Slow dispatch took 292ms android.ui h=android.view.Choreographer$FrameHandler c=android.view.Choreographer$FrameDisplayEventReceiver@45c6484 m=0
08-10 17:45:46.061  1672  1693 W Looper  : Slow delivery took 329ms android.ui h=android.view.AccessibilityInteractionController$PrivateHandler c=null m=2
08-10 17:45:46.064  1672  1693 W Looper  : Drained
08-10 17:45:46.189  2712  2712 E cutils-trace: Error opening trace file: No such file or directory (2)
08-10 17:45:46.191  2712  2712 I HostConnection: HostConnection::HostConnection: pid=2712, tid=2712, this=0x7fff7422ee40
08-10 17:45:46.193  2712  2712 I         : fastpipe: Connect success
08-10 17:45:46.194  2712  2712 E HostConnection: /data/local/cfg-zneng/gl_force format error! com.ncsoft.lineagen gl
08-10 17:45:46.194  2712  2712 E HostConnection: /data/local/cfg-zneng/gl_force format error! com.vng.thiennhaiminhnguyetdaovng gl
08-10 17:45:46.194  2712  2712 E HostConnection: /data/local/cfg-zneng/gl_force format error! com.proximabeta.tdm.kr gl
08-10 17:45:46.194  2712  2712 E HostConnection: /data/local/cfg-zneng/gl_force format error! com.proximabeta.tdm.kr.cloud gl
08-10 17:45:46.194  2712  2712 E HostConnection: /data/local/cfg-zneng/gl_force format error! com.proximabeta.tdm.kr.onestore gl
08-10 17:45:46.194  2712  2712 E HostConnection: /data/local/cfg-zneng/gl_force format error! com.tencent.tmgp.wuxia gl
08-10 17:45:46.194  2712  2712 E HostConnection: /data/local/cfg-zneng/gl_force format error! com.qqsy.gundam.ld gl
08-10 17:45:46.194  2712  2712 E HostConnection: /data/local/cfg-zneng/gl_force format error! com.qqsy.gundam gl
08-10 17:45:46.194  2712  2712 E HostConnection: /data/local/cfg-zneng/gl_force format error! com.gravity.cute.tw.testand gl
08-10 17:45:46.194  2712  2712 E HostConnection: /data/local/cfg-zneng/gl_force format error! com.cayenne.gvl gl
08-10 17:45:46.194  2712  2712 E HostConnection: /data/local/cfg-zneng/gl_force format error! com.netmarble.tskgb gl
08-10 17:45:46.194  2712  2712 E HostConnection: /data/local/cfg-zneng/gl_force format error! com.longe.racehmt gl
08-10 17:45:46.194  2712  2712 E HostConnection: /data/local/cfg-zneng/gl_force format error! com.gvi.robegins.aos gl
08-10 17:45:46.194  2712  2712 E HostConnection: /data/local/cfg-zneng/gl_force format error! com.studiocodedragon.projectss gl
08-10 17:45:46.194  2712  2712 E HostConnection: /data/local/cfg-zneng/gl_force format error! com.jingxiu.hygd gl
08-10 17:45:46.194  2712  2712 E HostConnection: /data/local/cfg-zneng/gl_force format error! com.playwith.nsealm.tw.googl gl
08-10 17:45:46.194  2712  2712 E HostConnection: /data/local/cfg-zneng/gl_force format error! com.playwith.sealm.kr.googl gl
08-10 17:45:46.194  2712  2712 E HostConnection: /data/local/cfg-zneng/gl_force format error! com.gravity.cute.tw.and gl
08-10 17:45:46.194  2712  2712 E HostConnection: /data/local/cfg-zneng/gl_force format error! com.forgefun.redcovenant gl
08-10 17:45:46.194  2712  2712 E HostConnection: /data/local/cfg-zneng/gl_force format error! com.silkroad.mb gl
08-10 17:45:46.194  2712  2712 E HostConnection: /data/local/cfg-zneng/gl_force format error! com.vortexgravity.bealive.ld gl
08-10 17:45:46.194  2712  2712 E HostConnection: /data/local/cfg-zneng/gl_force format error! com.com2usholdings.soulstrike.android.google.global.normal gl
08-10 17:45:46.194  2712  2712 E HostConnection: /data/local/cfg-zneng/gl_force format error! com.cobby.lonelysurvivor gl
08-10 17:45:46.194  2712  2712 E HostConnection: /data/local/cfg-zneng/gl_force format error! com.cmge.ltqrc gl
08-10 17:45:46.194  2712  2712 E HostConnection: /data/local/cfg-zneng/gl_force format error! com.cmge.ltqrc.ld gl
08-10 17:45:46.194  2712  2712 E HostConnection: /data/local/cfg-zneng/gl_force format error! com.seasun.jxqy0.jsgf.xsj gl
08-10 17:45:46.194  2712  2712 E HostConnection: /data/local/cfg-zneng/gl_force format error! com.seasun.jxqy0.huawei gl
08-10 17:45:46.194  2712  2712 E HostConnection: /data/local/cfg-zneng/gl_force format error! com.mobigame.tt12 gl
08-10 17:45:46.194  2712  2712 E HostConnection: /data/local/cfg-zneng/gl_force format error! com.kaneten.client.and gl
08-10 17:45:46.194  2712  2712 E HostConnection: /data/local/cfg-zneng/gl_force format error! com.playwith.rohan2.kr gl
08-10 17:45:46.194  2712  2712 E HostConnection: /data/local/cfg-zneng/gl_force format error! com.linecorp.LGATF gl
08-10 17:45:46.194  2712  2712 E HostConnection: /data/local/cfg-zneng/gl_force format error! com.atknsyl.weaponmaster gl
08-10 17:45:46.194  2712  2712 E HostConnection: /data/local/cfg-zneng/gl_force format error! com.blizzard.diablo.immortal gl
08-10 17:45:46.194  2712  2712 E HostConnection: /data/local/cfg-zneng/gl_force format error! com.netease.dfjssea gl
08-10 17:45:46.194  2712  2712 E HostConnection: /data/local/cfg-zneng/gl_force format error! com.netease.dfjsjp gl
08-10 17:45:46.194  2712  2712 E HostConnection: /data/local/cfg-zneng/gl_force format error! com.netease.dfjskr gl
08-10 17:45:46.194  2712  2712 E HostConnection: /data/local/cfg-zneng/gl_force format error! jp.co.applibot.chiikawapocketgl gl
08-10 17:45:46.194  2712  2712 E HostConnection: /data/local/cfg-zneng/gl_force format error! jp.co.applibot.chiikawapocket gl
08-10 17:45:46.194  2712  2712 E HostConnection: /data/local/cfg-zneng/gl_force format error! com.kakaogames.pcr gl
08-10 17:45:46.194  2712  2712 E HostConnection: /data/local/cfg-zneng/gl_force format error! com.kakaogames.eversoul gl
08-10 17:45:46.194  2712  2712 E HostConnection: /data/local/cfg-zneng/gl_force format error! com.kakaogames.eversouljp gl
08-10 17:45:46.194  2712  2712 E HostConnection: /data/local/cfg-zneng/gl_force format error! com.ntrance.dkr.and gl
08-10 17:45:46.194  2712  2712 E HostConnection: /data/local/cfg-zneng/gl_force format error! com.zlongame.eversoul gl
08-10 17:45:46.194  2712  2712 E HostConnection: /data/local/cfg-zneng/gl_force format error! com.Chillgaming.oneState gl
08-10 17:45:46.194  2712  2712 E HostConnection: /data/local/cfg-zneng/gl_force format error! com.activision.callofduty.shooter gl
08-10 17:45:46.194  2712  2712 E HostConnection: /data/local/cfg-zneng/gl_force format error! com.garena.game.codm gl
08-10 17:45:46.194  2712  2712 E HostConnection: /data/local/cfg-zneng/gl_force format error! com.vng.codmvn gl
08-10 17:45:46.194  2712  2712 E HostConnection: /data/local/cfg-zneng/gl_force format error! com.VIIBYTE.RivalisAcademiaNexus gl
08-10 17:45:46.194  2712  2712 E HostConnection: /data/local/cfg-zneng/gl_force format error! com.qjsjqy.ld gl
08-10 17:45:46.194  2712  2712 E HostConnection: /data/local/cfg-zneng/gl_force format error! com.dragonli.projectsnow gl
08-10 17:45:46.194  2712  2712 E HostConnection: /data/local/cfg-zneng/gl_force format error! com.netmarble.kofafk gl
08-10 17:45:46.194  2712  2712 E HostConnection: /data/local/cfg-zneng/gl_force format error! com.greenmushroom.boomblitz.gp gl
08-10 17:45:46.194  2712  2712 E HostConnection: /data/local/cfg-zneng/gl_force format error! com.hermes.p6gameos gl
08-10 17:45:46.194  2712  2712 E HostConnection: /data/local/cfg-zneng/gl_force format error! com.crystal.usad gl
08-10 17:45:46.194  2712  2712 E HostConnection: /data/local/cfg-zneng/gl_force format error! com.jingxiu.yanwu gl
08-10 17:45:46.194  2712  2712 E HostConnection: /data/local/cfg-zneng/gl_force format error! com.playhardlab.heroes gl
08-10 17:45:46.194  2712  2712 E HostConnection: /data/local/cfg-zneng/gl_force format error! com.topgamestudio.americanblocksnipersurvival.jf gl
08-10 17:45:46.194  2712  2712 E HostConnection: /data/local/cfg-zneng/gl_force format error! vng.games.gs1.phongthan.mobile.com gl
08-10 17:45:46.194  2712  2712 E HostConnection: /data/local/cfg-zneng/gl_force format error! com.userjoy.szm gl
08-10 17:45:46.194  2712  2712 E HostConnection: /data/local/cfg-zneng/gl_force format error! com.netease.yzs gl
08-10 17:45:46.194  2712  2712 E HostConnection: /data/local/cfg-zneng/gl_force format error! com.korea.tamamonkr.google gl
08-10 17:45:46.194  2712  2712 E HostConnection: /data/local/cfg-zneng/gl_force format error! com.huanxi.datulong gl
08-10 17:45:46.194  2712  2712 E HostConnection: /data/local/cfg-zneng/gl_force format error! com.com2us.legendsummoner.android.google.global.normal gl
08-10 17:45:46.194  2712  2712 E HostConnection: /data/local/cfg-zneng/gl_force format error! com.metek.atm2 gl
08-10 17:45:46.194  2712  2712 E HostConnection: /data/local/cfg-zneng/gl_force format error! com.huiqi.mrby gl
08-10 17:45:46.194  2712  2712 E HostConnection: /data/local/cfg-zneng/gl_force format error! com.tencent.wlfz gl
08-10 17:45:46.194  2712  2712 E HostConnection: /data/local/cfg-zneng/gl_force format error! com.yh.hunter4.firstformal gl
08-10 17:45:46.194  2712  2712 E HostConnection: /data/local/cfg-zneng/gl_force format error! com.phonecoolgame.sanguo gl
08-10 17:45:46.194  2712  2712 E HostConnection: /data/local/cfg-zneng/gl_force format error! com.epidgames.trickcalrevive gl
08-10 17:45:46.195  2712  2712 I         : fastpipe: Connect success
08-10 17:45:49.948  1496  1496 I ldinit  : type=1400 audit(0.0:103457): avc: denied { read } for name="partitions" dev="proc" ino=4026532050 scontext=u:r:ldinit:s0 tcontext=u:object_r:proc:s0 tclass=file permissive=1
08-10 17:45:49.948  1496  1496 I ldinit  : type=1400 audit(0.0:103457): avc: denied { open } for path="/proc/partitions" dev="proc" ino=4026532050 scontext=u:r:ldinit:s0 tcontext=u:object_r:proc:s0 tclass=file permissive=1
08-10 17:45:49.948  1496  1496 W ldinit  : type=1300 audit(0.0:103457): arch=c000003e syscall=257 success=yes exit=6 a0=ffffff9c a1=7ffff772eae5 a2=0 a3=0 items=0 ppid=1 auid=4294967295 uid=0 gid=0 euid=0 suid=0 fsuid=0 egid=0 sgid=0 fsgid=0 tty=(none) ses=4294967295 exe="/system/bin/ldinit" subj=u:r:ldinit:s0 key=(null)
08-10 17:45:49.948  1355  1355 W auditd  : type=1327 audit(0.0:103457): proctitle="/system/bin/ldinit"
08-10 17:45:49.948  1355  1355 W auditd  : type=1320 audit(0.0:103457): 
08-10 17:45:54.375  2778  2778 E cutils-trace: Error opening trace file: No such file or directory (2)
08-10 17:45:54.377  2778  2778 I HostConnection: HostConnection::HostConnection: pid=2778, tid=2778, this=0x7fff7422ee40
08-10 17:45:54.378  2778  2778 I         : fastpipe: Connect success
08-10 17:45:54.379  2778  2778 E HostConnection: /data/local/cfg-zneng/gl_force format error! com.ncsoft.lineagen gl
08-10 17:45:54.379  2778  2778 E HostConnection: /data/local/cfg-zneng/gl_force format error! com.vng.thiennhaiminhnguyetdaovng gl
08-10 17:45:54.379  2778  2778 E HostConnection: /data/local/cfg-zneng/gl_force format error! com.proximabeta.tdm.kr gl
08-10 17:45:54.379  2778  2778 E HostConnection: /data/local/cfg-zneng/gl_force format error! com.proximabeta.tdm.kr.cloud gl
08-10 17:45:54.379  2778  2778 E HostConnection: /data/local/cfg-zneng/gl_force format error! com.proximabeta.tdm.kr.onestore gl
08-10 17:45:54.379  2778  2778 E HostConnection: /data/local/cfg-zneng/gl_force format error! com.tencent.tmgp.wuxia gl
08-10 17:45:54.379  2778  2778 E HostConnection: /data/local/cfg-zneng/gl_force format error! com.qqsy.gundam.ld gl
08-10 17:45:54.379  2778  2778 E HostConnection: /data/local/cfg-zneng/gl_force format error! com.qqsy.gundam gl
08-10 17:45:54.379  2778  2778 E HostConnection: /data/local/cfg-zneng/gl_force format error! com.gravity.cute.tw.testand gl
08-10 17:45:54.379  2778  2778 E HostConnection: /data/local/cfg-zneng/gl_force format error! com.cayenne.gvl gl
08-10 17:45:54.379  2778  2778 E HostConnection: /data/local/cfg-zneng/gl_force format error! com.netmarble.tskgb gl
08-10 17:45:54.379  2778  2778 E HostConnection: /data/local/cfg-zneng/gl_force format error! com.longe.racehmt gl
08-10 17:45:54.379  2778  2778 E HostConnection: /data/local/cfg-zneng/gl_force format error! com.gvi.robegins.aos gl
08-10 17:45:54.379  2778  2778 E HostConnection: /data/local/cfg-zneng/gl_force format error! com.studiocodedragon.projectss gl
08-10 17:45:54.379  2778  2778 E HostConnection: /data/local/cfg-zneng/gl_force format error! com.jingxiu.hygd gl
08-10 17:45:54.379  2778  2778 E HostConnection: /data/local/cfg-zneng/gl_force format error! com.playwith.nsealm.tw.googl gl
08-10 17:45:54.379  2778  2778 E HostConnection: /data/local/cfg-zneng/gl_force format error! com.playwith.sealm.kr.googl gl
08-10 17:45:54.379  2778  2778 E HostConnection: /data/local/cfg-zneng/gl_force format error! com.gravity.cute.tw.and gl
08-10 17:45:54.379  2778  2778 E HostConnection: /data/local/cfg-zneng/gl_force format error! com.forgefun.redcovenant gl
08-10 17:45:54.379  2778  2778 E HostConnection: /data/local/cfg-zneng/gl_force format error! com.silkroad.mb gl
08-10 17:45:54.379  2778  2778 E HostConnection: /data/local/cfg-zneng/gl_force format error! com.vortexgravity.bealive.ld gl
08-10 17:45:54.379  2778  2778 E HostConnection: /data/local/cfg-zneng/gl_force format error! com.com2usholdings.soulstrike.android.google.global.normal gl
08-10 17:45:54.379  2778  2778 E HostConnection: /data/local/cfg-zneng/gl_force format error! com.cobby.lonelysurvivor gl
08-10 17:45:54.379  2778  2778 E HostConnection: /data/local/cfg-zneng/gl_force format error! com.cmge.ltqrc gl
08-10 17:45:54.379  2778  2778 E HostConnection: /data/local/cfg-zneng/gl_force format error! com.cmge.ltqrc.ld gl
08-10 17:45:54.379  2778  2778 E HostConnection: /data/local/cfg-zneng/gl_force format error! com.seasun.jxqy0.jsgf.xsj gl
08-10 17:45:54.379  2778  2778 E HostConnection: /data/local/cfg-zneng/gl_force format error! com.seasun.jxqy0.huawei gl
08-10 17:45:54.379  2778  2778 E HostConnection: /data/local/cfg-zneng/gl_force format error! com.mobigame.tt12 gl
08-10 17:45:54.379  2778  2778 E HostConnection: /data/local/cfg-zneng/gl_force format error! com.kaneten.client.and gl
08-10 17:45:54.379  2778  2778 E HostConnection: /data/local/cfg-zneng/gl_force format error! com.playwith.rohan2.kr gl
08-10 17:45:54.379  2778  2778 E HostConnection: /data/local/cfg-zneng/gl_force format error! com.linecorp.LGATF gl
08-10 17:45:54.379  2778  2778 E HostConnection: /data/local/cfg-zneng/gl_force format error! com.atknsyl.weaponmaster gl
08-10 17:45:54.379  2778  2778 E HostConnection: /data/local/cfg-zneng/gl_force format error! com.blizzard.diablo.immortal gl
08-10 17:45:54.379  2778  2778 E HostConnection: /data/local/cfg-zneng/gl_force format error! com.netease.dfjssea gl
08-10 17:45:54.379  2778  2778 E HostConnection: /data/local/cfg-zneng/gl_force format error! com.netease.dfjsjp gl
08-10 17:45:54.379  2778  2778 E HostConnection: /data/local/cfg-zneng/gl_force format error! com.netease.dfjskr gl
08-10 17:45:54.379  2778  2778 E HostConnection: /data/local/cfg-zneng/gl_force format error! jp.co.applibot.chiikawapocketgl gl
08-10 17:45:54.379  2778  2778 E HostConnection: /data/local/cfg-zneng/gl_force format error! jp.co.applibot.chiikawapocket gl
08-10 17:45:54.379  2778  2778 E HostConnection: /data/local/cfg-zneng/gl_force format error! com.kakaogames.pcr gl
08-10 17:45:54.379  2778  2778 E HostConnection: /data/local/cfg-zneng/gl_force format error! com.kakaogames.eversoul gl
08-10 17:45:54.379  2778  2778 E HostConnection: /data/local/cfg-zneng/gl_force format error! com.kakaogames.eversouljp gl
08-10 17:45:54.379  2778  2778 E HostConnection: /data/local/cfg-zneng/gl_force format error! com.ntrance.dkr.and gl
08-10 17:45:54.379  2778  2778 E HostConnection: /data/local/cfg-zneng/gl_force format error! com.zlongame.eversoul gl
08-10 17:45:54.379  2778  2778 E HostConnection: /data/local/cfg-zneng/gl_force format error! com.Chillgaming.oneState gl
08-10 17:45:54.379  2778  2778 E HostConnection: /data/local/cfg-zneng/gl_force format error! com.activision.callofduty.shooter gl
08-10 17:45:54.379  2778  2778 E HostConnection: /data/local/cfg-zneng/gl_force format error! com.garena.game.codm gl
08-10 17:45:54.379  2778  2778 E HostConnection: /data/local/cfg-zneng/gl_force format error! com.vng.codmvn gl
08-10 17:45:54.379  2778  2778 E HostConnection: /data/local/cfg-zneng/gl_force format error! com.VIIBYTE.RivalisAcademiaNexus gl
08-10 17:45:54.379  2778  2778 E HostConnection: /data/local/cfg-zneng/gl_force format error! com.qjsjqy.ld gl
08-10 17:45:54.379  2778  2778 E HostConnection: /data/local/cfg-zneng/gl_force format error! com.dragonli.projectsnow gl
08-10 17:45:54.379  2778  2778 E HostConnection: /data/local/cfg-zneng/gl_force format error! com.netmarble.kofafk gl
08-10 17:45:54.379  2778  2778 E HostConnection: /data/local/cfg-zneng/gl_force format error! com.greenmushroom.boomblitz.gp gl
08-10 17:45:54.379  2778  2778 E HostConnection: /data/local/cfg-zneng/gl_force format error! com.hermes.p6gameos gl
08-10 17:45:54.379  2778  2778 E HostConnection: /data/local/cfg-zneng/gl_force format error! com.crystal.usad gl
08-10 17:45:54.379  2778  2778 E HostConnection: /data/local/cfg-zneng/gl_force format error! com.jingxiu.yanwu gl
08-10 17:45:54.379  2778  2778 E HostConnection: /data/local/cfg-zneng/gl_force format error! com.playhardlab.heroes gl
08-10 17:45:54.379  2778  2778 E HostConnection: /data/local/cfg-zneng/gl_force format error! com.topgamestudio.americanblocksnipersurvival.jf gl
08-10 17:45:54.379  2778  2778 E HostConnection: /data/local/cfg-zneng/gl_force format error! vng.games.gs1.phongthan.mobile.com gl
08-10 17:45:54.379  2778  2778 E HostConnection: /data/local/cfg-zneng/gl_force format error! com.userjoy.szm gl
08-10 17:45:54.379  2778  2778 E HostConnection: /data/local/cfg-zneng/gl_force format error! com.netease.yzs gl
08-10 17:45:54.379  2778  2778 E HostConnection: /data/local/cfg-zneng/gl_force format error! com.korea.tamamonkr.google gl
08-10 17:45:54.379  2778  2778 E HostConnection: /data/local/cfg-zneng/gl_force format error! com.huanxi.datulong gl
08-10 17:45:54.379  2778  2778 E HostConnection: /data/local/cfg-zneng/gl_force format error! com.com2us.legendsummoner.android.google.global.normal gl
08-10 17:45:54.379  2778  2778 E HostConnection: /data/local/cfg-zneng/gl_force format error! com.metek.atm2 gl
08-10 17:45:54.379  2778  2778 E HostConnection: /data/local/cfg-zneng/gl_force format error! com.huiqi.mrby gl
08-10 17:45:54.379  2778  2778 E HostConnection: /data/local/cfg-zneng/gl_force format error! com.tencent.wlfz gl
08-10 17:45:54.379  2778  2778 E HostConnection: /data/local/cfg-zneng/gl_force format error! com.yh.hunter4.firstformal gl
08-10 17:45:54.379  2778  2778 E HostConnection: /data/local/cfg-zneng/gl_force format error! com.phonecoolgame.sanguo gl
08-10 17:45:54.379  2778  2778 E HostConnection: /data/local/cfg-zneng/gl_force format error! com.epidgames.trickcalrevive gl
08-10 17:45:54.380  2778  2778 I         : fastpipe: Connect success
08-10 17:45:54.460  1672  1691 E memtrack: Couldn't load memtrack module
08-10 17:45:54.460  1672  1691 W android.os.Debug: failed to get memory consumption info: -1
08-10 17:45:57.253  2816  2816 E cutils-trace: Error opening trace file: No such file or directory (2)
08-10 17:45:57.254  2816  2816 I HostConnection: HostConnection::HostConnection: pid=2816, tid=2816, this=0x7fff7422ee40
08-10 17:45:57.255  2816  2816 I         : fastpipe: Connect success
08-10 17:45:57.256  2816  2816 E HostConnection: /data/local/cfg-zneng/gl_force format error! com.ncsoft.lineagen gl
08-10 17:45:57.256  2816  2816 E HostConnection: /data/local/cfg-zneng/gl_force format error! com.vng.thiennhaiminhnguyetdaovng gl
08-10 17:45:57.256  2816  2816 E HostConnection: /data/local/cfg-zneng/gl_force format error! com.proximabeta.tdm.kr gl
08-10 17:45:57.256  2816  2816 E HostConnection: /data/local/cfg-zneng/gl_force format error! com.proximabeta.tdm.kr.cloud gl
08-10 17:45:57.256  2816  2816 E HostConnection: /data/local/cfg-zneng/gl_force format error! com.proximabeta.tdm.kr.onestore gl
08-10 17:45:57.256  2816  2816 E HostConnection: /data/local/cfg-zneng/gl_force format error! com.tencent.tmgp.wuxia gl
08-10 17:45:57.256  2816  2816 E HostConnection: /data/local/cfg-zneng/gl_force format error! com.qqsy.gundam.ld gl
08-10 17:45:57.256  2816  2816 E HostConnection: /data/local/cfg-zneng/gl_force format error! com.qqsy.gundam gl
08-10 17:45:57.256  2816  2816 E HostConnection: /data/local/cfg-zneng/gl_force format error! com.gravity.cute.tw.testand gl
08-10 17:45:57.256  2816  2816 E HostConnection: /data/local/cfg-zneng/gl_force format error! com.cayenne.gvl gl
08-10 17:45:57.256  2816  2816 E HostConnection: /data/local/cfg-zneng/gl_force format error! com.netmarble.tskgb gl
08-10 17:45:57.256  2816  2816 E HostConnection: /data/local/cfg-zneng/gl_force format error! com.longe.racehmt gl
08-10 17:45:57.256  2816  2816 E HostConnection: /data/local/cfg-zneng/gl_force format error! com.gvi.robegins.aos gl
08-10 17:45:57.256  2816  2816 E HostConnection: /data/local/cfg-zneng/gl_force format error! com.studiocodedragon.projectss gl
08-10 17:45:57.256  2816  2816 E HostConnection: /data/local/cfg-zneng/gl_force format error! com.jingxiu.hygd gl
08-10 17:45:57.256  2816  2816 E HostConnection: /data/local/cfg-zneng/gl_force format error! com.playwith.nsealm.tw.googl gl
08-10 17:45:57.256  2816  2816 E HostConnection: /data/local/cfg-zneng/gl_force format error! com.playwith.sealm.kr.googl gl
08-10 17:45:57.256  2816  2816 E HostConnection: /data/local/cfg-zneng/gl_force format error! com.gravity.cute.tw.and gl
08-10 17:45:57.256  2816  2816 E HostConnection: /data/local/cfg-zneng/gl_force format error! com.forgefun.redcovenant gl
08-10 17:45:57.256  2816  2816 E HostConnection: /data/local/cfg-zneng/gl_force format error! com.silkroad.mb gl
08-10 17:45:57.256  2816  2816 E HostConnection: /data/local/cfg-zneng/gl_force format error! com.vortexgravity.bealive.ld gl
08-10 17:45:57.256  2816  2816 E HostConnection: /data/local/cfg-zneng/gl_force format error! com.com2usholdings.soulstrike.android.google.global.normal gl
08-10 17:45:57.256  2816  2816 E HostConnection: /data/local/cfg-zneng/gl_force format error! com.cobby.lonelysurvivor gl
08-10 17:45:57.256  2816  2816 E HostConnection: /data/local/cfg-zneng/gl_force format error! com.cmge.ltqrc gl
08-10 17:45:57.256  2816  2816 E HostConnection: /data/local/cfg-zneng/gl_force format error! com.cmge.ltqrc.ld gl
08-10 17:45:57.256  2816  2816 E HostConnection: /data/local/cfg-zneng/gl_force format error! com.seasun.jxqy0.jsgf.xsj gl
08-10 17:45:57.256  2816  2816 E HostConnection: /data/local/cfg-zneng/gl_force format error! com.seasun.jxqy0.huawei gl
08-10 17:45:57.256  2816  2816 E HostConnection: /data/local/cfg-zneng/gl_force format error! com.mobigame.tt12 gl
08-10 17:45:57.256  2816  2816 E HostConnection: /data/local/cfg-zneng/gl_force format error! com.kaneten.client.and gl
08-10 17:45:57.256  2816  2816 E HostConnection: /data/local/cfg-zneng/gl_force format error! com.playwith.rohan2.kr gl
08-10 17:45:57.256  2816  2816 E HostConnection: /data/local/cfg-zneng/gl_force format error! com.linecorp.LGATF gl
08-10 17:45:57.256  2816  2816 E HostConnection: /data/local/cfg-zneng/gl_force format error! com.atknsyl.weaponmaster gl
08-10 17:45:57.256  2816  2816 E HostConnection: /data/local/cfg-zneng/gl_force format error! com.blizzard.diablo.immortal gl
08-10 17:45:57.256  2816  2816 E HostConnection: /data/local/cfg-zneng/gl_force format error! com.netease.dfjssea gl
08-10 17:45:57.256  2816  2816 E HostConnection: /data/local/cfg-zneng/gl_force format error! com.netease.dfjsjp gl
08-10 17:45:57.256  2816  2816 E HostConnection: /data/local/cfg-zneng/gl_force format error! com.netease.dfjskr gl
08-10 17:45:57.256  2816  2816 E HostConnection: /data/local/cfg-zneng/gl_force format error! jp.co.applibot.chiikawapocketgl gl
08-10 17:45:57.256  2816  2816 E HostConnection: /data/local/cfg-zneng/gl_force format error! jp.co.applibot.chiikawapocket gl
08-10 17:45:57.256  2816  2816 E HostConnection: /data/local/cfg-zneng/gl_force format error! com.kakaogames.pcr gl
08-10 17:45:57.256  2816  2816 E HostConnection: /data/local/cfg-zneng/gl_force format error! com.kakaogames.eversoul gl
08-10 17:45:57.256  2816  2816 E HostConnection: /data/local/cfg-zneng/gl_force format error! com.kakaogames.eversouljp gl
08-10 17:45:57.256  2816  2816 E HostConnection: /data/local/cfg-zneng/gl_force format error! com.ntrance.dkr.and gl
08-10 17:45:57.256  2816  2816 E HostConnection: /data/local/cfg-zneng/gl_force format error! com.zlongame.eversoul gl
08-10 17:45:57.256  2816  2816 E HostConnection: /data/local/cfg-zneng/gl_force format error! com.Chillgaming.oneState gl
08-10 17:45:57.256  2816  2816 E HostConnection: /data/local/cfg-zneng/gl_force format error! com.activision.callofduty.shooter gl
08-10 17:45:57.256  2816  2816 E HostConnection: /data/local/cfg-zneng/gl_force format error! com.garena.game.codm gl
08-10 17:45:57.256  2816  2816 E HostConnection: /data/local/cfg-zneng/gl_force format error! com.vng.codmvn gl
08-10 17:45:57.256  2816  2816 E HostConnection: /data/local/cfg-zneng/gl_force format error! com.VIIBYTE.RivalisAcademiaNexus gl
08-10 17:45:57.256  2816  2816 E HostConnection: /data/local/cfg-zneng/gl_force format error! com.qjsjqy.ld gl
08-10 17:45:57.256  2816  2816 E HostConnection: /data/local/cfg-zneng/gl_force format error! com.dragonli.projectsnow gl
08-10 17:45:57.256  2816  2816 E HostConnection: /data/local/cfg-zneng/gl_force format error! com.netmarble.kofafk gl
08-10 17:45:57.256  2816  2816 E HostConnection: /data/local/cfg-zneng/gl_force format error! com.greenmushroom.boomblitz.gp gl
08-10 17:45:57.256  2816  2816 E HostConnection: /data/local/cfg-zneng/gl_force format error! com.hermes.p6gameos gl
08-10 17:45:57.256  2816  2816 E HostConnection: /data/local/cfg-zneng/gl_force format error! com.crystal.usad gl
08-10 17:45:57.256  2816  2816 E HostConnection: /data/local/cfg-zneng/gl_force format error! com.jingxiu.yanwu gl
08-10 17:45:57.256  2816  2816 E HostConnection: /data/local/cfg-zneng/gl_force format error! com.playhardlab.heroes gl
08-10 17:45:57.256  2816  2816 E HostConnection: /data/local/cfg-zneng/gl_force format error! com.topgamestudio.americanblocksnipersurvival.jf gl
08-10 17:45:57.256  2816  2816 E HostConnection: /data/local/cfg-zneng/gl_force format error! vng.games.gs1.phongthan.mobile.com gl
08-10 17:45:57.256  2816  2816 E HostConnection: /data/local/cfg-zneng/gl_force format error! com.userjoy.szm gl
08-10 17:45:57.256  2816  2816 E HostConnection: /data/local/cfg-zneng/gl_force format error! com.netease.yzs gl
08-10 17:45:57.256  2816  2816 E HostConnection: /data/local/cfg-zneng/gl_force format error! com.korea.tamamonkr.google gl
08-10 17:45:57.256  2816  2816 E HostConnection: /data/local/cfg-zneng/gl_force format error! com.huanxi.datulong gl
08-10 17:45:57.256  2816  2816 E HostConnection: /data/local/cfg-zneng/gl_force format error! com.com2us.legendsummoner.android.google.global.normal gl
08-10 17:45:57.256  2816  2816 E HostConnection: /data/local/cfg-zneng/gl_force format error! com.metek.atm2 gl
08-10 17:45:57.256  2816  2816 E HostConnection: /data/local/cfg-zneng/gl_force format error! com.huiqi.mrby gl
08-10 17:45:57.256  2816  2816 E HostConnection: /data/local/cfg-zneng/gl_force format error! com.tencent.wlfz gl
08-10 17:45:57.256  2816  2816 E HostConnection: /data/local/cfg-zneng/gl_force format error! com.yh.hunter4.firstformal gl
08-10 17:45:57.256  2816  2816 E HostConnection: /data/local/cfg-zneng/gl_force format error! com.phonecoolgame.sanguo gl
08-10 17:45:57.256  2816  2816 E HostConnection: /data/local/cfg-zneng/gl_force format error! com.epidgames.trickcalrevive gl
08-10 17:45:57.257  2816  2816 I         : fastpipe: Connect success
08-10 17:45:58.256  1672  1685 W System  : A resource failed to call close. 
08-10 17:45:58.257  1672  1685 I chatty  : uid=1000(system) FinalizerDaemon identical 28 lines
08-10 17:45:58.257  1672  1685 W System  : A resource failed to call close. 
08-10 17:45:59.628  2869  2869 I appproc : app_process main with argv: /system/bin com.android.commands.input.Input touchscreen swipe 449 828 449 828 200 
08-10 17:45:59.629  2869  2869 E cutils-trace: Error opening trace file: No such file or directory (2)
08-10 17:45:59.646  2869  2869 I libnb   : Found /system/lib64/libhoudini.so version 3
08-10 17:45:59.671  2869  2869 I app_process: The ClassLoaderContext is a special shared library.
08-10 17:45:59.671  2869  2869 W app_process: Could not create mount namespace.
08-10 17:45:59.671  2869  2869 W nativebridge: Failed to bind-mount /system/lib64/x86_64/cpuinfo as /proc/cpuinfo: Operation not permitted
08-10 17:45:59.668  2869  2869 I main    : type=1400 audit(0.0:103459): avc: denied { mounton } for path="/proc/cpuinfo" dev="proc" ino=4026531993 scontext=u:r:shell:s0 tcontext=u:object_r:proc_cpuinfo:s0 tclass=file permissive=1
08-10 17:45:59.685  2869  2869 I Input   : injectMotionEvent: MotionEvent { action=ACTION_DOWN, actionButton=0, id[0]=0, x[0]=449.0, y[0]=828.0, toolType[0]=TOOL_TYPE_UNKNOWN, buttonState=0, metaState=0, flags=0x0, edgeFlags=0x0, pointerCount=1, historySize=0, eventTime=440697031, downTime=440697031, deviceId=3, source=0x1002 }
08-10 17:45:59.701  2869  2869 I Input   : injectMotionEvent: MotionEvent { action=ACTION_MOVE, actionButton=0, id[0]=0, x[0]=449.0, y[0]=828.0, toolType[0]=TOOL_TYPE_UNKNOWN, buttonState=0, metaState=0, flags=0x0, edgeFlags=0x0, pointerCount=1, historySize=0, eventTime=440697031, downTime=440697031, deviceId=3, source=0x1002 }
08-10 17:45:59.701 24158 24158 I RenderThread: type=1400 audit(0.0:103460): avc: denied { ioctl } for path="/dev/fastpipe" dev="tmpfs" ino=7224 ioctlcmd=6867 scontext=u:r:untrusted_app_25:s0:c512,c768 tcontext=u:object_r:device:s0 tclass=chr_file permissive=1
08-10 17:45:59.717  2869  2869 I Input   : injectMotionEvent: MotionEvent { action=ACTION_MOVE, actionButton=0, id[0]=0, x[0]=449.0, y[0]=828.0, toolType[0]=TOOL_TYPE_UNKNOWN, buttonState=0, metaState=0, flags=0x0, edgeFlags=0x0, pointerCount=1, historySize=0, eventTime=440697066, downTime=440697066, deviceId=3, source=0x1002 }
08-10 17:45:59.734  2869  2869 I Input   : injectMotionEvent: MotionEvent { action=ACTION_MOVE, actionButton=0, id[0]=0, x[0]=449.0, y[0]=828.0, toolType[0]=TOOL_TYPE_UNKNOWN, buttonState=0, metaState=0, flags=0x0, edgeFlags=0x0, pointerCount=1, historySize=0, eventTime=440697082, downTime=440697082, deviceId=3, source=0x1002 }
08-10 17:45:59.751  2869  2869 I Input   : injectMotionEvent: MotionEvent { action=ACTION_MOVE, actionButton=0, id[0]=0, x[0]=449.0, y[0]=828.0, toolType[0]=TOOL_TYPE_UNKNOWN, buttonState=0, metaState=0, flags=0x0, edgeFlags=0x0, pointerCount=1, historySize=0, eventTime=440697099, downTime=440697099, deviceId=3, source=0x1002 }
08-10 17:45:59.768  2869  2869 I Input   : injectMotionEvent: MotionEvent { action=ACTION_MOVE, actionButton=0, id[0]=0, x[0]=449.0, y[0]=828.0, toolType[0]=TOOL_TYPE_UNKNOWN, buttonState=0, metaState=0, flags=0x0, edgeFlags=0x0, pointerCount=1, historySize=0, eventTime=440697116, downTime=440697116, deviceId=3, source=0x1002 }
08-10 17:45:59.797  2869  2869 I Input   : injectMotionEvent: MotionEvent { action=ACTION_MOVE, actionButton=0, id[0]=0, x[0]=449.0, y[0]=828.0, toolType[0]=TOOL_TYPE_UNKNOWN, buttonState=0, metaState=0, flags=0x0, edgeFlags=0x0, pointerCount=1, historySize=0, eventTime=440697145, downTime=440697145, deviceId=3, source=0x1002 }
08-10 17:45:59.828  2869  2869 I Input   : injectMotionEvent: MotionEvent { action=ACTION_MOVE, actionButton=0, id[0]=0, x[0]=449.0, y[0]=828.0, toolType[0]=TOOL_TYPE_UNKNOWN, buttonState=0, metaState=0, flags=0x0, edgeFlags=0x0, pointerCount=1, historySize=0, eventTime=440697177, downTime=440697177, deviceId=3, source=0x1002 }
