08-10 17:46:26.894  3080  3190 E HostConnection: /data/local/cfg-zneng/gl_force format error! com.netease.dfjskr gl
08-10 17:46:26.894  3080  3190 E HostConnection: /data/local/cfg-zneng/gl_force format error! jp.co.applibot.chiikawapocketgl gl
08-10 17:46:26.894  3080  3190 E HostConnection: /data/local/cfg-zneng/gl_force format error! jp.co.applibot.chiikawapocket gl
08-10 17:46:26.894  3080  3190 E HostConnection: /data/local/cfg-zneng/gl_force format error! com.kakaogames.pcr gl
08-10 17:46:26.894  3080  3190 E HostConnection: /data/local/cfg-zneng/gl_force format error! com.kakaogames.eversoul gl
08-10 17:46:26.894  3080  3190 E HostConnection: /data/local/cfg-zneng/gl_force format error! com.kakaogames.eversouljp gl
08-10 17:46:26.894  3080  3190 E HostConnection: /data/local/cfg-zneng/gl_force format error! com.ntrance.dkr.and gl
08-10 17:46:26.894  3080  3190 E HostConnection: /data/local/cfg-zneng/gl_force format error! com.zlongame.eversoul gl
08-10 17:46:26.894  3080  3190 E HostConnection: /data/local/cfg-zneng/gl_force format error! com.Chillgaming.oneState gl
08-10 17:46:26.894  3080  3190 E HostConnection: /data/local/cfg-zneng/gl_force format error! com.activision.callofduty.shooter gl
08-10 17:46:26.894  3080  3190 E HostConnection: /data/local/cfg-zneng/gl_force format error! com.garena.game.codm gl
08-10 17:46:26.894  3080  3190 E HostConnection: /data/local/cfg-zneng/gl_force format error! com.vng.codmvn gl
08-10 17:46:26.894  3080  3190 E HostConnection: /data/local/cfg-zneng/gl_force format error! com.VIIBYTE.RivalisAcademiaNexus gl
08-10 17:46:26.894  3080  3190 E HostConnection: /data/local/cfg-zneng/gl_force format error! com.qjsjqy.ld gl
08-10 17:46:26.894  3080  3190 E HostConnection: /data/local/cfg-zneng/gl_force format error! com.dragonli.projectsnow gl
08-10 17:46:26.894  3080  3190 E HostConnection: /data/local/cfg-zneng/gl_force format error! com.netmarble.kofafk gl
08-10 17:46:26.894  3080  3190 E HostConnection: /data/local/cfg-zneng/gl_force format error! com.greenmushroom.boomblitz.gp gl
08-10 17:46:26.894  3080  3190 E HostConnection: /data/local/cfg-zneng/gl_force format error! com.hermes.p6gameos gl
08-10 17:46:26.894  3080  3190 E HostConnection: /data/local/cfg-zneng/gl_force format error! com.crystal.usad gl
08-10 17:46:26.894  3080  3190 E HostConnection: /data/local/cfg-zneng/gl_force format error! com.jingxiu.yanwu gl
08-10 17:46:26.894  3080  3190 E HostConnection: /data/local/cfg-zneng/gl_force format error! com.playhardlab.heroes gl
08-10 17:46:26.894  3080  3190 E HostConnection: /data/local/cfg-zneng/gl_force format error! com.topgamestudio.americanblocksnipersurvival.jf gl
08-10 17:46:26.894  3080  3190 E HostConnection: /data/local/cfg-zneng/gl_force format error! vng.games.gs1.phongthan.mobile.com gl
08-10 17:46:26.894  3080  3190 E HostConnection: /data/local/cfg-zneng/gl_force format error! com.userjoy.szm gl
08-10 17:46:26.894  3080  3190 E HostConnection: /data/local/cfg-zneng/gl_force format error! com.netease.yzs gl
08-10 17:46:26.894  3080  3190 E HostConnection: /data/local/cfg-zneng/gl_force format error! com.korea.tamamonkr.google gl
08-10 17:46:26.894  3080  3190 E HostConnection: /data/local/cfg-zneng/gl_force format error! com.huanxi.datulong gl
08-10 17:46:26.894  3080  3190 E HostConnection: /data/local/cfg-zneng/gl_force format error! com.com2us.legendsummoner.android.google.global.normal gl
08-10 17:46:26.894  3080  3190 E HostConnection: /data/local/cfg-zneng/gl_force format error! com.metek.atm2 gl
08-10 17:46:26.894  3080  3190 E HostConnection: /data/local/cfg-zneng/gl_force format error! com.huiqi.mrby gl
08-10 17:46:26.894  3080  3190 E HostConnection: /data/local/cfg-zneng/gl_force format error! com.tencent.wlfz gl
08-10 17:46:26.894  3080  3190 E HostConnection: /data/local/cfg-zneng/gl_force format error! com.yh.hunter4.firstformal gl
08-10 17:46:26.894  3080  3190 E HostConnection: /data/local/cfg-zneng/gl_force format error! com.phonecoolgame.sanguo gl
08-10 17:46:26.894  3080  3190 E HostConnection: /data/local/cfg-zneng/gl_force format error! com.epidgames.trickcalrevive gl
08-10 17:46:26.895  3080  3190 I         : fastpipe: Connect success
08-10 17:46:26.896  3149  3164 I cr_LibraryLoader: Loaded native library version number "91.0.4472.114"
08-10 17:46:26.910  3149  3164 W dboxed_process: Accessing hidden field Ljava/util/Collections$SynchronizedCollection;->mutex:Ljava/lang/Object; (dark greylist, reflection)
08-10 17:46:26.910  3149  3164 W dboxed_process: Accessing hidden method Ljava/util/Collections$SynchronizedSet;-><init>(Ljava/util/Set;Ljava/lang/Object;)V (dark greylist, reflection)
08-10 17:46:26.910  3149  3164 W dboxed_process: Accessing hidden method Ljava/util/Collections$SynchronizedCollection;-><init>(Ljava/util/Collection;Ljava/lang/Object;)V (dark greylist, reflection)
08-10 17:46:26.910  3149  3164 I cr_CachingUmaRecorder: Flushed 1 samples from 1 histograms.
08-10 17:46:27.048  3080  3190 I ConfigStore: android::hardware::configstore::V1_0::ISurfaceFlingerConfigs::hasWideColorDisplay retrieved: 0
08-10 17:46:27.048  3080  3190 I ConfigStore: android::hardware::configstore::V1_0::ISurfaceFlingerConfigs::hasHDRDisplay retrieved: 0
08-10 17:46:27.075  3080  3168 W GooglePlayServicesUtil: com.lomolsoft.language.learnamharic requires the Google Play Store, but it is missing.
08-10 17:46:27.075  3080  3168 W GooglePlayServicesUtil: com.lomolsoft.language.learnamharic requires the Google Play Store, but it is missing.
08-10 17:46:27.076  3080  3168 W Ads     : Invoke Firebase method getInstance error.
08-10 17:46:27.076  3080  3168 W Ads     : The Google Mobile Ads SDK will not integrate with Firebase. Admob/Firebase integration requires the latest Firebase SDK jar, but Firebase SDK is either missing or out of date
08-10 17:46:27.128 24158 24158 I RenderThread: type=1400 audit(0.0:103492): avc: denied { ioctl } for path="/dev/fastpipe" dev="tmpfs" ino=7224 ioctlcmd=6867 scontext=u:r:untrusted_app_25:s0:c512,c768 tcontext=u:object_r:device:s0 tclass=chr_file permissive=1
08-10 17:46:27.139  3149  3164 W SystemServiceRegistry: No service published for: uimode
08-10 17:46:27.128  1355  1355 W auditd  : type=1327 audit(0.0:103492): proctitle="com.android.launcher3"
08-10 17:46:27.206  3080  3190 I EGL_adreno: eglCreateContext request GLES major-version=2
08-10 17:46:27.206  3080  3190 I EGL_adreno: eglCreateContext request GLES minor-version=0
08-10 17:46:27.261  3080  3097 I ge.learnamhari: Background concurrent copying GC freed 15281(1058KB) AllocSpace objects, 5(228KB) LOS objects, 49% free, 1763KB/3MB, paused 87us total 185.685ms
08-10 17:46:27.357  3080  3190 W GLESv2_enc: no support GL_NUM_PROGRAM_BINARY_FORMATS
08-10 17:46:27.603  1672  5109 I ActivityManager: Killing 30512:com.android.settings/1000 (adj 906): empty for 1801s
08-10 17:46:27.612  1672  1695 W libprocessgroup: kill(-30512, 9) failed: No such process
08-10 17:46:27.622  3080  3190 I EGL_adreno: eglCreateContext request GLES major-version=3
08-10 17:46:27.622  3080  3190 I EGL_adreno: eglCreateContext request GLES minor-version=0
08-10 17:46:27.659  1672  1695 W libprocessgroup: kill(-30512, 9) failed: No such process
08-10 17:46:27.659  1672  1695 I libprocessgroup: Successfully killed process cgroup uid 1000 pid 30512 in 52ms
08-10 17:46:27.704  1467  1467 I Zygote  : Process 30512 exited due to signal (9)
08-10 17:46:27.706  3080  3190 E eglCodecCommon: glUtilsParamSize: unknow param 0x000088ef
08-10 17:46:27.711  3080  3190 W GLESv2_enc: no support GL_NUM_PROGRAM_BINARY_FORMATS
08-10 17:46:27.712  3080  3190 E eglCodecCommon: glUtilsParamSize: unknow param 0x000088ef
08-10 17:46:27.741  3080  3190 I chatty  : uid=10553(com.lomolsoft.language.learnamharic) Chrome_InProcGp identical 2 lines
08-10 17:46:27.742  3080  3190 E eglCodecCommon: glUtilsParamSize: unknow param 0x000088ef
08-10 17:46:28.753  1672  1672 W system_server: Long monitor contention with owner Binder:1672_1B (31938) at void com.android.server.am.ActivityManagerService$AppDeathRecipient.binderDied()(ActivityManagerService.java:1902) waiters=0 in int com.android.server.am.ActivityManagerService.getMemoryTrimLevel() for 1.014s
08-10 17:46:28.753  1672  1693 W system_server: Long monitor contention with owner Binder:1672_1B (31938) at void com.android.server.am.ActivityManagerService$AppDeathRecipient.binderDied()(ActivityManagerService.java:1902) waiters=1 in void com.android.server.am.ActivityManagerService.dispatchUidsChanged() for 1.046s
08-10 17:46:28.786  1672  1693 W Looper  : Slow dispatch took 1147ms android.ui h=com.android.server.am.ActivityManagerService$UiHandler c=null m=53
08-10 17:46:28.786  1672  1672 W Looper  : Slow dispatch took 1048ms main h=com.android.server.job.JobSchedulerService$JobHandler c=null m=4
08-10 17:46:28.786  1672  1693 W Looper  : Slow delivery took 1048ms android.ui h=com.android.server.am.ActivityManagerService$UiHandler c=null m=32
08-10 17:46:28.786  1672  1772 W system_server: Long monitor contention with owner Binder:1672_1B (31938) at void com.android.server.am.ActivityManagerService$AppDeathRecipient.binderDied()(ActivityManagerService.java:1902) waiters=2 in void com.android.server.am.ActivityManagerService$LocalService.notifyNetworkPolicyRulesUpdated(int, long) for 1.047s
08-10 17:46:28.788  1672  1701 W system_server: Long monitor contention with owner Binder:1672_1B (31938) at void com.android.server.am.ActivityManagerService$AppDeathRecipient.binderDied()(ActivityManagerService.java:1902) waiters=3 in void com.android.server.am.ActivityManagerService$LocalService.setHasOverlayUi(int, boolean) for 1.073s
08-10 17:46:28.789  1672  1701 W ActivityManager: setHasOverlayUi called on unknown pid: 30512
08-10 17:46:28.789  1672   506 W system_server: Long monitor contention with owner Binder:1672_1B (31938) at void com.android.server.am.ActivityManagerService$AppDeathRecipient.binderDied()(ActivityManagerService.java:1902) waiters=4 in android.os.Bundle com.android.server.am.ActivityManagerService.getActivityOptions(android.os.IBinder) for 246ms
08-10 17:46:28.860  3080  3190 E eglCodecCommon: glUtilsParamSize: unknow param 0x000088ef
08-10 17:46:28.881  3080  3080 W GooglePlayServicesUtil: com.lomolsoft.language.learnamharic requires the Google Play Store, but it is missing.
08-10 17:46:28.881  3080  3080 E DynamiteModule: Failed to load IDynamiteLoader from GmsCore: Application package com.google.android.gms not found
08-10 17:46:28.968  3080  3080 I Ads     : Use RequestConfiguration.Builder().setTestDeviceIds(Arrays.asList("70036C869C29A66ECF60F1ED8878811B") to get test ads on this device.
08-10 17:46:29.055  3080  3131 W GooglePlayServicesUtil: Google Play services is missing.
08-10 17:46:29.056  3080  3131 W GooglePlayServicesUtil: com.lomolsoft.language.learnamharic requires the Google Play Store, but it is missing.
08-10 17:46:29.061  3080  3217 E DynamiteModule: Failed to load IDynamiteLoader from GmsCore: Application package com.google.android.gms not found
08-10 17:46:29.203  3080  3097 I ge.learnamhari: Background concurrent copying GC freed 6249(899KB) AllocSpace objects, 9(432KB) LOS objects, 49% free, 2MB/4MB, paused 12.800ms total 52.657ms
08-10 17:46:29.331  2261  2261 W ContextImpl: Calling a method in the system process without a qualified user: android.app.ContextImpl.startService:1531 android.content.ContextWrapper.startService:664 android.content.ContextWrapper.startService:664 com.android.coreservice.CoreBroadcastReceiver.onReceive:53 android.app.ActivityThread.handleReceiver:3424 
08-10 17:46:29.335  3227  3227 I dex2oat : type=1400 audit(0.0:103493): avc: denied { open } for path="/data/local/cfg-zneng/app_sysprop" dev="sdb2" ino=132901 scontext=u:r:untrusted_app:s0:c41,c258,c512,c768 tcontext=u:object_r:system_data_file:s0 tclass=file permissive=1
08-10 17:46:29.382  3227  3227 I dex2oat : The ClassLoaderContext is a special shared library.
08-10 17:46:29.383  3227  3227 I dex2oat : /system/bin/dex2oat --inline-max-code-units=0 --dex-file=/data/user/0/com.lomolsoft.language.learnamharic/cache/1596060835607.jar --output-vdex-fd=121 --oat-fd=122 --oat-location=/data/user/0/com.lomolsoft.language.learnamharic/cache/oat/x86/1596060835607.odex --compiler-filter=quicken --class-loader-context=&
08-10 17:46:29.383  3227  3227 E cutils-trace: Error opening trace file: No such file or directory (2)
08-10 17:46:29.665  1499  1499 I surfaceflinger: type=1400 audit(0.0:103494): avc: denied { ioctl } for path="/dev/fastpipe" dev="tmpfs" ino=7224 ioctlcmd=6867 scontext=u:r:surfaceflinger:s0 tcontext=u:object_r:device:s0 tclass=chr_file permissive=1
08-10 17:46:29.689  1672  1687 I system_server: Background concurrent copying GC freed 474342(16MB) AllocSpace objects, 65(1364KB) LOS objects, 42% free, 23MB/41MB, paused 1.743ms total 310.022ms
08-10 17:46:29.750  1672  1685 W System  : A resource failed to call close. 
08-10 17:46:29.765  1672  1693 W Looper  : Drained
08-10 17:46:29.750  1672  1685 I chatty  : uid=1000(system) FinalizerDaemon identical 60 lines
08-10 17:46:29.750  1672  1685 W System  : A resource failed to call close. 
08-10 17:46:29.968  3227  3227 I dex2oat : dex2oat took 622.694ms (41.238ms cpu) (threads: 4) arena alloc=10KB (10688B) java alloc=64KB (65552B) native alloc=846KB (866808B) free=1713KB (1754632B)
08-10 17:46:29.969  3080  3131 I ge.learnamhari: The ClassLoaderContext is a special shared library.
08-10 17:46:30.000  3080  3080 I Choreographer: Skipped 187 frames!  The application may be doing too much work on its main thread.
08-10 17:46:30.155  3080  3229 I OpenGLRenderer: Initialized EGL, version 1.4
08-10 17:46:30.155  3080  3229 I HostConnection: HostConnection::HostConnection: pid=3080, tid=3229, this=0xec67abc0
08-10 17:46:30.157  3080  3229 I         : fastpipe: Connect success
08-10 17:46:30.158  3080  3229 I EGL_adreno: eglCreateContext request GLES major-version=2
08-10 17:46:30.276  3080  3126 I MobclickAgent: module init:aziot
08-10 17:46:30.382  3080  3229 E eglCodecCommon: glUtilsParamSize: unknow param 0x00008c29
08-10 17:46:30.384  3080  3229 W GLESv2_enc: no support GL_NUM_PROGRAM_BINARY_FORMATS
08-10 17:46:30.421  1486  1486 I HwBinder:1486_2: type=1400 audit(0.0:103512): avc: denied { ioctl } for path="/dev/fastpipe" dev="tmpfs" ino=7224 ioctlcmd=6869 scontext=u:r:hal_graphics_allocator_default:s0 tcontext=u:object_r:device:s0 tclass=chr_file permissive=1
08-10 17:46:30.421  1486  1486 W HwBinder:1486_2: type=1300 audit(0.0:103512): arch=c000003e syscall=16 success=yes exit=0 a0=6 a1=80046869 a2=7ffff722c160 a3=1 items=0 ppid=1 auid=4294967295 uid=1000 gid=1003 euid=1000 suid=1000 fsuid=1000 egid=1003 sgid=1003 fsgid=1003 tty=(none) ses=4294967295 exe="/system/vendor/bin/hw/android.hardware.graphics.allocator@2.0-service" subj=u:r:hal_graphics_allocator_default:s0 key=(null)
08-10 17:46:30.628  3080  3229 E EGL_adreno: tid 3229: eglSurfaceAttrib(1350): error 0x3009 (EGL_BAD_MATCH)
08-10 17:46:30.628  3080  3229 W OpenGLRenderer: Failed to set EGL_SWAP_BEHAVIOR on surface 0xf30873a0, error=EGL_BAD_MATCH
08-10 17:46:30.686  3080  3080 I Choreographer: Skipped 39 frames!  The application may be doing too much work on its main thread.
08-10 17:46:30.745  3080  3080 I RenderThread: type=1400 audit(0.0:103513): avc: denied { ioctl } for path="/dev/fastpipe" dev="tmpfs" ino=7224 ioctlcmd=6867 scontext=u:r:untrusted_app:s0:c41,c258,c512,c768 tcontext=u:object_r:device:s0 tclass=chr_file permissive=1
08-10 17:46:30.796  3080  3097 I ge.learnamhari: Background concurrent copying GC freed 30667(1557KB) AllocSpace objects, 23(1100KB) LOS objects, 49% free, 2MB/4MB, paused 26.777ms total 40.414ms
08-10 17:46:30.998  3080  3229 I OpenGLRenderer: Davey! duration=968ms; Flags=0, IntendedVsync=440727373732334, Vsync=440728023732308, OldestInputEvent=9223372036854775807, NewestInputEvent=0, HandleInputStart=440728035099282, AnimationStart=440728035135630, PerformTraversalsStart=440728035189912, DrawStart=440728053146645, SyncQueued=440728091636781, SyncStart=440728096094751, IssueDrawCommandsStart=440728096228472, SwapBuffers=440728345842982, FrameCompleted=440728346366500, DequeueBufferDuration=14000, QueueBufferDuration=98000, 
08-10 17:46:31.419  3080  3080 I Choreographer: Skipped 40 frames!  The application may be doing too much work on its main thread.
08-10 17:46:31.426  3080  3281 W GooglePlayServicesUtil: com.lomolsoft.language.learnamharic requires the Google Play Store, but it is missing.
08-10 17:46:31.442  1672  1691 I ActivityManager: Displayed com.lomolsoft.language.learnamharic/.activity.WelActivity: +8s275ms
08-10 17:46:31.479  1672  1687 I system_server: Background concurrent copying GC freed 480854(16MB) AllocSpace objects, 60(1200KB) LOS objects, 42% free, 23MB/41MB, paused 363us total 468.834ms
08-10 17:46:31.485  1672  1672 I android.anim.lf: type=1400 audit(0.0:103514): avc: denied { call } for scontext=u:r:system_server:s0 tcontext=u:r:init:s0 tclass=binder permissive=1
08-10 17:46:31.509  3080  3216 E DynamiteModule: Failed to load IDynamiteLoader from GmsCore: Application package com.google.android.gms not found
08-10 17:46:31.512  1672  1685 W System  : A resource failed to call close. 
08-10 17:46:31.512  1672  1685 I chatty  : uid=1000(system) FinalizerDaemon identical 58 lines
08-10 17:46:31.512  1672  1685 W System  : A resource failed to call close. 
08-10 17:46:31.521  1672  1672 I android.anim: type=1400 audit(0.0:103515): avc: denied { ioctl } for path="/dev/fastpipe" dev="tmpfs" ino=7224 ioctlcmd=6869 scontext=u:r:system_server:s0 tcontext=u:object_r:device:s0 tclass=chr_file permissive=1
08-10 17:46:31.528  1499  2244 W SurfaceFlinger: Attempting to set client state on removed layer: Splash Screen com.lomolsoft.language.learnamharic#0
08-10 17:46:31.528  1499  2244 W SurfaceFlinger: Attempting to destroy on removed layer: Splash Screen com.lomolsoft.language.learnamharic#0
08-10 17:46:31.775  3080  3190 E eglCodecCommon: glUtilsParamSize: unknow param 0x000088ef
08-10 17:46:31.779  3080  3080 I Ads     : JS: The jsLoaded GMSG has been sent (https://googleads.g.doubleclick.net/mads/static/mad/sdk/native/production/sdk-core-v40-impl.html:944)
08-10 17:46:32.293  3080  3080 I Ads     : JS: The jsLoaded GMSG has been sent (https://googleads.g.doubleclick.net/mads/static/mad/sdk/native/production/sdk-core-v40-impl.js?n=true&lv=sdk_20190107_RC02:940)
08-10 17:46:32.300  3080  3080 I Ads     : Received log message: <Google:HTML> You are currently using version 203404000.203404000.0 of the SDK, which is deprecated. Please consider updating your SDK to the most recent SDK version to get the latest features and bug fixes. The latest SDK can be installed from https://goo.gle/android-install-instructions. More information about the SDK deprecation schedule is available at https://developers.google.com/admob/android/deprecation.
08-10 17:46:32.332  3080  3129 I Ads     : SDK version: afma-sdk-a-v203404000.203404000.0
08-10 17:46:32.332  3080  3129 I Ads     : HTTP timeout: 60000 milliseconds.
08-10 17:46:33.243  3080  3177 E chromium: [ERROR:cookie_manager.cc(129)] Strict Secure Cookie policy does not allow setting a secure cookie for http://googleads.g.doubleclick.net/ for apps targeting >= R. Please either use the 'https:' scheme for this URL or omit the 'Secure' directive in the cookie value.
08-10 17:46:33.294  3080  3080 W GooglePlayServicesUtil: Google Play services is missing.
08-10 17:46:33.294  3080  3190 E eglCodecCommon: glUtilsParamSize: unknow param 0x000088ef
08-10 17:46:33.314  3080  3190 E eglCodecCommon: glUtilsParamSize: unknow param 0x000088ef
08-10 17:46:33.449  3080  3080 I Ads     : JS: The jsLoaded GMSG has been sent (https://googleads.g.doubleclick.net/mads/static/mad/sdk/native/production/sdk-core-v40-impl.html:944)
08-10 17:46:34.081  1672  1672 W Looper  : Slow dispatch took 191ms main h=android.app.ActivityThread$H c=android.app.-$$Lambda$LoadedApk$ReceiverDispatcher$Args$_BumDX2UKsnxLVrE6UJsJZkotuA@6ab78bc m=0
08-10 17:46:34.127  1672  1672 W Looper  : Slow delivery took 208ms main h=android.app.ActivityThread$H c=android.app.-$$Lambda$LoadedApk$ReceiverDispatcher$Args$_BumDX2UKsnxLVrE6UJsJZkotuA@333e045 m=0
08-10 17:46:34.287  1672  1672 I Telecom : DefaultDialerCache: Refreshing default dialer for user 0: now null: DDC.oR@BSQ
08-10 17:46:34.481  1672  1764 I InputReader: Reconfiguring input devices.  changes=0x00000010
08-10 17:46:34.503  1672  1691 W Searchables: No global search activity found
08-10 17:46:34.524  1672  1691 W VoiceInteractionManagerService: no available voice interaction services found for user 0
08-10 17:46:34.895 24158 24158 I launcher-loader: type=1400 audit(0.0:103516): avc: denied { read } for name="Pictures" dev="sdcardfs" ino=1572867 scontext=u:r:untrusted_app_25:s0:c512,c768 tcontext=u:object_r:sdcardfs:s0 tclass=lnk_file permissive=1
08-10 17:46:34.925  3311  3311 E cutils-trace: Error opening trace file: No such file or directory (2)
08-10 17:46:34.962  3311  3311 I HostConnection: HostConnection::HostConnection: pid=3311, tid=3311, this=0x7fff7422ee40
08-10 17:46:34.964 24158 24158 I Launcher: Deferring update until onResume
08-10 17:46:34.965  3311  3311 I         : fastpipe: Connect success
08-10 17:46:34.973  3311  3311 E HostConnection: /data/local/cfg-zneng/gl_force format error! com.ncsoft.lineagen gl
08-10 17:46:34.973  3311  3311 E HostConnection: /data/local/cfg-zneng/gl_force format error! com.vng.thiennhaiminhnguyetdaovng gl
08-10 17:46:34.973  3311  3311 E HostConnection: /data/local/cfg-zneng/gl_force format error! com.proximabeta.tdm.kr gl
08-10 17:46:34.973  3311  3311 E HostConnection: /data/local/cfg-zneng/gl_force format error! com.proximabeta.tdm.kr.cloud gl
08-10 17:46:34.973  3311  3311 E HostConnection: /data/local/cfg-zneng/gl_force format error! com.proximabeta.tdm.kr.onestore gl
08-10 17:46:34.973  3311  3311 E HostConnection: /data/local/cfg-zneng/gl_force format error! com.tencent.tmgp.wuxia gl
08-10 17:46:34.973  3311  3311 E HostConnection: /data/local/cfg-zneng/gl_force format error! com.qqsy.gundam.ld gl
08-10 17:46:34.973  3311  3311 E HostConnection: /data/local/cfg-zneng/gl_force format error! com.qqsy.gundam gl
08-10 17:46:34.973  3311  3311 E HostConnection: /data/local/cfg-zneng/gl_force format error! com.gravity.cute.tw.testand gl
08-10 17:46:34.973  3311  3311 E HostConnection: /data/local/cfg-zneng/gl_force format error! com.cayenne.gvl gl
08-10 17:46:34.973  3311  3311 E HostConnection: /data/local/cfg-zneng/gl_force format error! com.netmarble.tskgb gl
08-10 17:46:34.973  3311  3311 E HostConnection: /data/local/cfg-zneng/gl_force format error! com.longe.racehmt gl
08-10 17:46:34.973  3311  3311 E HostConnection: /data/local/cfg-zneng/gl_force format error! com.gvi.robegins.aos gl
08-10 17:46:34.973  3311  3311 E HostConnection: /data/local/cfg-zneng/gl_force format error! com.studiocodedragon.projectss gl
08-10 17:46:34.973  3311  3311 E HostConnection: /data/local/cfg-zneng/gl_force format error! com.jingxiu.hygd gl
08-10 17:46:34.973  3311  3311 E HostConnection: /data/local/cfg-zneng/gl_force format error! com.playwith.nsealm.tw.googl gl
08-10 17:46:34.973  3311  3311 E HostConnection: /data/local/cfg-zneng/gl_force format error! com.playwith.sealm.kr.googl gl
08-10 17:46:34.973  3311  3311 E HostConnection: /data/local/cfg-zneng/gl_force format error! com.gravity.cute.tw.and gl
08-10 17:46:34.973  3311  3311 E HostConnection: /data/local/cfg-zneng/gl_force format error! com.forgefun.redcovenant gl
08-10 17:46:34.973  3311  3311 E HostConnection: /data/local/cfg-zneng/gl_force format error! com.silkroad.mb gl
08-10 17:46:34.973  3311  3311 E HostConnection: /data/local/cfg-zneng/gl_force format error! com.vortexgravity.bealive.ld gl
08-10 17:46:34.973  3311  3311 E HostConnection: /data/local/cfg-zneng/gl_force format error! com.com2usholdings.soulstrike.android.google.global.normal gl
08-10 17:46:34.973  3311  3311 E HostConnection: /data/local/cfg-zneng/gl_force format error! com.cobby.lonelysurvivor gl
08-10 17:46:34.973  3311  3311 E HostConnection: /data/local/cfg-zneng/gl_force format error! com.cmge.ltqrc gl
08-10 17:46:34.973  3311  3311 E HostConnection: /data/local/cfg-zneng/gl_force format error! com.cmge.ltqrc.ld gl
08-10 17:46:34.973  3311  3311 E HostConnection: /data/local/cfg-zneng/gl_force format error! com.seasun.jxqy0.jsgf.xsj gl
08-10 17:46:34.973  3311  3311 E HostConnection: /data/local/cfg-zneng/gl_force format error! com.seasun.jxqy0.huawei gl
08-10 17:46:34.973  3311  3311 E HostConnection: /data/local/cfg-zneng/gl_force format error! com.mobigame.tt12 gl
08-10 17:46:34.973  3311  3311 E HostConnection: /data/local/cfg-zneng/gl_force format error! com.kaneten.client.and gl
08-10 17:46:34.973  3311  3311 E HostConnection: /data/local/cfg-zneng/gl_force format error! com.playwith.rohan2.kr gl
08-10 17:46:34.973  3311  3311 E HostConnection: /data/local/cfg-zneng/gl_force format error! com.linecorp.LGATF gl
08-10 17:46:34.973  3311  3311 E HostConnection: /data/local/cfg-zneng/gl_force format error! com.atknsyl.weaponmaster gl
08-10 17:46:34.973  3311  3311 E HostConnection: /data/local/cfg-zneng/gl_force format error! com.blizzard.diablo.immortal gl
08-10 17:46:34.973  3311  3311 E HostConnection: /data/local/cfg-zneng/gl_force format error! com.netease.dfjssea gl
08-10 17:46:34.973  3311  3311 E HostConnection: /data/local/cfg-zneng/gl_force format error! com.netease.dfjsjp gl
08-10 17:46:34.973  3311  3311 E HostConnection: /data/local/cfg-zneng/gl_force format error! com.netease.dfjskr gl
08-10 17:46:34.973  3311  3311 E HostConnection: /data/local/cfg-zneng/gl_force format error! jp.co.applibot.chiikawapocketgl gl
08-10 17:46:34.973  3311  3311 E HostConnection: /data/local/cfg-zneng/gl_force format error! jp.co.applibot.chiikawapocket gl
08-10 17:46:34.973  3311  3311 E HostConnection: /data/local/cfg-zneng/gl_force format error! com.kakaogames.pcr gl
08-10 17:46:34.973  3311  3311 E HostConnection: /data/local/cfg-zneng/gl_force format error! com.kakaogames.eversoul gl
08-10 17:46:34.973  3311  3311 E HostConnection: /data/local/cfg-zneng/gl_force format error! com.kakaogames.eversouljp gl
08-10 17:46:34.973  3311  3311 E HostConnection: /data/local/cfg-zneng/gl_force format error! com.ntrance.dkr.and gl
08-10 17:46:34.973  3311  3311 E HostConnection: /data/local/cfg-zneng/gl_force format error! com.zlongame.eversoul gl
08-10 17:46:34.973  3311  3311 E HostConnection: /data/local/cfg-zneng/gl_force format error! com.Chillgaming.oneState gl
08-10 17:46:34.973  3311  3311 E HostConnection: /data/local/cfg-zneng/gl_force format error! com.activision.callofduty.shooter gl
08-10 17:46:34.973  3311  3311 E HostConnection: /data/local/cfg-zneng/gl_force format error! com.garena.game.codm gl
08-10 17:46:34.973  3311  3311 E HostConnection: /data/local/cfg-zneng/gl_force format error! com.vng.codmvn gl
08-10 17:46:34.973  3311  3311 E HostConnection: /data/local/cfg-zneng/gl_force format error! com.VIIBYTE.RivalisAcademiaNexus gl
08-10 17:46:34.973  3311  3311 E HostConnection: /data/local/cfg-zneng/gl_force format error! com.qjsjqy.ld gl
08-10 17:46:34.973  3311  3311 E HostConnection: /data/local/cfg-zneng/gl_force format error! com.dragonli.projectsnow gl
08-10 17:46:34.973  3311  3311 E HostConnection: /data/local/cfg-zneng/gl_force format error! com.netmarble.kofafk gl
08-10 17:46:34.973  3311  3311 E HostConnection: /data/local/cfg-zneng/gl_force format error! com.greenmushroom.boomblitz.gp gl
08-10 17:46:34.973  3311  3311 E HostConnection: /data/local/cfg-zneng/gl_force format error! com.hermes.p6gameos gl
08-10 17:46:34.973  3311  3311 E HostConnection: /data/local/cfg-zneng/gl_force format error! com.crystal.usad gl
08-10 17:46:34.973  3311  3311 E HostConnection: /data/local/cfg-zneng/gl_force format error! com.jingxiu.yanwu gl
08-10 17:46:34.973  3311  3311 E HostConnection: /data/local/cfg-zneng/gl_force format error! com.playhardlab.heroes gl
08-10 17:46:34.973  3311  3311 E HostConnection: /data/local/cfg-zneng/gl_force format error! com.topgamestudio.americanblocksnipersurvival.jf gl
08-10 17:46:34.973  3311  3311 E HostConnection: /data/local/cfg-zneng/gl_force format error! vng.games.gs1.phongthan.mobile.com gl
08-10 17:46:34.973  3311  3311 E HostConnection: /data/local/cfg-zneng/gl_force format error! com.userjoy.szm gl
08-10 17:46:34.973  3311  3311 E HostConnection: /data/local/cfg-zneng/gl_force format error! com.netease.yzs gl
08-10 17:46:34.973  3311  3311 E HostConnection: /data/local/cfg-zneng/gl_force format error! com.korea.tamamonkr.google gl
08-10 17:46:34.973  3311  3311 E HostConnection: /data/local/cfg-zneng/gl_force format error! com.huanxi.datulong gl
08-10 17:46:34.973  3311  3311 E HostConnection: /data/local/cfg-zneng/gl_force format error! com.com2us.legendsummoner.android.google.global.normal gl
08-10 17:46:34.973  3311  3311 E HostConnection: /data/local/cfg-zneng/gl_force format error! com.metek.atm2 gl
08-10 17:46:34.973  3311  3311 E HostConnection: /data/local/cfg-zneng/gl_force format error! com.huiqi.mrby gl
08-10 17:46:34.973  3311  3311 E HostConnection: /data/local/cfg-zneng/gl_force format error! com.tencent.wlfz gl
08-10 17:46:34.973  3311  3311 E HostConnection: /data/local/cfg-zneng/gl_force format error! com.yh.hunter4.firstformal gl
08-10 17:46:34.973  3311  3311 E HostConnection: /data/local/cfg-zneng/gl_force format error! com.phonecoolgame.sanguo gl
08-10 17:46:34.973  3311  3311 E HostConnection: /data/local/cfg-zneng/gl_force format error! com.epidgames.trickcalrevive gl
08-10 17:46:34.975  3311  3311 I         : fastpipe: Connect success
08-10 17:46:35.103  1672 31938 W BackupManagerService: dataChanged but no participant pkg='com.android.launcher3' uid=10033
08-10 17:46:35.103 24158 24158 I Launcher: Deferring update until onResume
08-10 17:46:35.184  1672  1672 W Looper  : Drained
08-10 17:46:35.184  1672  1691 E memtrack: Couldn't load memtrack module
08-10 17:46:35.184  1672  1691 W android.os.Debug: failed to get memory consumption info: -1
08-10 17:46:35.232 24158 24158 I Launcher: Deferring update until onResume
08-10 17:46:35.462  1672   506 E memtrack: Couldn't load memtrack module
08-10 17:46:35.462  1672   506 W android.os.Debug: failed to get memory consumption info: -1
08-10 17:46:35.513  1672  1691 E memtrack: Couldn't load memtrack module
08-10 17:46:35.513  1672  1691 W android.os.Debug: failed to get memory consumption info: -1
08-10 17:46:38.597  3363  3363 E cutils-trace: Error opening trace file: No such file or directory (2)
08-10 17:46:38.601  3363  3363 I HostConnection: HostConnection::HostConnection: pid=3363, tid=3363, this=0x7fff7422ee40
08-10 17:46:38.603  3363  3363 I         : fastpipe: Connect success
08-10 17:46:38.603  3363  3363 E HostConnection: /data/local/cfg-zneng/gl_force format error! com.ncsoft.lineagen gl
08-10 17:46:38.603  3363  3363 E HostConnection: /data/local/cfg-zneng/gl_force format error! com.vng.thiennhaiminhnguyetdaovng gl
08-10 17:46:38.603  3363  3363 E HostConnection: /data/local/cfg-zneng/gl_force format error! com.proximabeta.tdm.kr gl
08-10 17:46:38.603  3363  3363 E HostConnection: /data/local/cfg-zneng/gl_force format error! com.proximabeta.tdm.kr.cloud gl
08-10 17:46:38.603  3363  3363 E HostConnection: /data/local/cfg-zneng/gl_force format error! com.proximabeta.tdm.kr.onestore gl
08-10 17:46:38.603  3363  3363 E HostConnection: /data/local/cfg-zneng/gl_force format error! com.tencent.tmgp.wuxia gl
08-10 17:46:38.603  3363  3363 E HostConnection: /data/local/cfg-zneng/gl_force format error! com.qqsy.gundam.ld gl
08-10 17:46:38.603  3363  3363 E HostConnection: /data/local/cfg-zneng/gl_force format error! com.qqsy.gundam gl
08-10 17:46:38.603  3363  3363 E HostConnection: /data/local/cfg-zneng/gl_force format error! com.gravity.cute.tw.testand gl
08-10 17:46:38.603  3363  3363 E HostConnection: /data/local/cfg-zneng/gl_force format error! com.cayenne.gvl gl
08-10 17:46:38.603  3363  3363 E HostConnection: /data/local/cfg-zneng/gl_force format error! com.netmarble.tskgb gl
08-10 17:46:38.603  3363  3363 E HostConnection: /data/local/cfg-zneng/gl_force format error! com.longe.racehmt gl
08-10 17:46:38.603  3363  3363 E HostConnection: /data/local/cfg-zneng/gl_force format error! com.gvi.robegins.aos gl
08-10 17:46:38.603  3363  3363 E HostConnection: /data/local/cfg-zneng/gl_force format error! com.studiocodedragon.projectss gl
08-10 17:46:38.603  3363  3363 E HostConnection: /data/local/cfg-zneng/gl_force format error! com.jingxiu.hygd gl
08-10 17:46:38.603  3363  3363 E HostConnection: /data/local/cfg-zneng/gl_force format error! com.playwith.nsealm.tw.googl gl
08-10 17:46:38.603  3363  3363 E HostConnection: /data/local/cfg-zneng/gl_force format error! com.playwith.sealm.kr.googl gl
08-10 17:46:38.603  3363  3363 E HostConnection: /data/local/cfg-zneng/gl_force format error! com.gravity.cute.tw.and gl
08-10 17:46:38.603  3363  3363 E HostConnection: /data/local/cfg-zneng/gl_force format error! com.forgefun.redcovenant gl
08-10 17:46:38.603  3363  3363 E HostConnection: /data/local/cfg-zneng/gl_force format error! com.silkroad.mb gl
08-10 17:46:38.603  3363  3363 E HostConnection: /data/local/cfg-zneng/gl_force format error! com.vortexgravity.bealive.ld gl
08-10 17:46:38.603  3363  3363 E HostConnection: /data/local/cfg-zneng/gl_force format error! com.com2usholdings.soulstrike.android.google.global.normal gl
08-10 17:46:38.603  3363  3363 E HostConnection: /data/local/cfg-zneng/gl_force format error! com.cobby.lonelysurvivor gl
08-10 17:46:38.603  3363  3363 E HostConnection: /data/local/cfg-zneng/gl_force format error! com.cmge.ltqrc gl
08-10 17:46:38.603  3363  3363 E HostConnection: /data/local/cfg-zneng/gl_force format error! com.cmge.ltqrc.ld gl
08-10 17:46:38.603  3363  3363 E HostConnection: /data/local/cfg-zneng/gl_force format error! com.seasun.jxqy0.jsgf.xsj gl
08-10 17:46:38.603  3363  3363 E HostConnection: /data/local/cfg-zneng/gl_force format error! com.seasun.jxqy0.huawei gl
08-10 17:46:38.603  3363  3363 E HostConnection: /data/local/cfg-zneng/gl_force format error! com.mobigame.tt12 gl
08-10 17:46:38.603  3363  3363 E HostConnection: /data/local/cfg-zneng/gl_force format error! com.kaneten.client.and gl
08-10 17:46:38.603  3363  3363 E HostConnection: /data/local/cfg-zneng/gl_force format error! com.playwith.rohan2.kr gl
08-10 17:46:38.603  3363  3363 E HostConnection: /data/local/cfg-zneng/gl_force format error! com.linecorp.LGATF gl
08-10 17:46:38.603  3363  3363 E HostConnection: /data/local/cfg-zneng/gl_force format error! com.atknsyl.weaponmaster gl
08-10 17:46:38.603  3363  3363 E HostConnection: /data/local/cfg-zneng/gl_force format error! com.blizzard.diablo.immortal gl
08-10 17:46:38.603  3363  3363 E HostConnection: /data/local/cfg-zneng/gl_force format error! com.netease.dfjssea gl
08-10 17:46:38.603  3363  3363 E HostConnection: /data/local/cfg-zneng/gl_force format error! com.netease.dfjsjp gl
08-10 17:46:38.603  3363  3363 E HostConnection: /data/local/cfg-zneng/gl_force format error! com.netease.dfjskr gl
08-10 17:46:38.603  3363  3363 E HostConnection: /data/local/cfg-zneng/gl_force format error! jp.co.applibot.chiikawapocketgl gl
08-10 17:46:38.603  3363  3363 E HostConnection: /data/local/cfg-zneng/gl_force format error! jp.co.applibot.chiikawapocket gl
08-10 17:46:38.603  3363  3363 E HostConnection: /data/local/cfg-zneng/gl_force format error! com.kakaogames.pcr gl
08-10 17:46:38.603  3363  3363 E HostConnection: /data/local/cfg-zneng/gl_force format error! com.kakaogames.eversoul gl
08-10 17:46:38.603  3363  3363 E HostConnection: /data/local/cfg-zneng/gl_force format error! com.kakaogames.eversouljp gl
08-10 17:46:38.603  3363  3363 E HostConnection: /data/local/cfg-zneng/gl_force format error! com.ntrance.dkr.and gl
08-10 17:46:38.603  3363  3363 E HostConnection: /data/local/cfg-zneng/gl_force format error! com.zlongame.eversoul gl
08-10 17:46:38.603  3363  3363 E HostConnection: /data/local/cfg-zneng/gl_force format error! com.Chillgaming.oneState gl
08-10 17:46:38.603  3363  3363 E HostConnection: /data/local/cfg-zneng/gl_force format error! com.activision.callofduty.shooter gl
08-10 17:46:38.603  3363  3363 E HostConnection: /data/local/cfg-zneng/gl_force format error! com.garena.game.codm gl
08-10 17:46:38.603  3363  3363 E HostConnection: /data/local/cfg-zneng/gl_force format error! com.vng.codmvn gl
08-10 17:46:38.603  3363  3363 E HostConnection: /data/local/cfg-zneng/gl_force format error! com.VIIBYTE.RivalisAcademiaNexus gl
08-10 17:46:38.603  3363  3363 E HostConnection: /data/local/cfg-zneng/gl_force format error! com.qjsjqy.ld gl
08-10 17:46:38.603  3363  3363 E HostConnection: /data/local/cfg-zneng/gl_force format error! com.dragonli.projectsnow gl
08-10 17:46:38.603  3363  3363 E HostConnection: /data/local/cfg-zneng/gl_force format error! com.netmarble.kofafk gl
08-10 17:46:38.603  3363  3363 E HostConnection: /data/local/cfg-zneng/gl_force format error! com.greenmushroom.boomblitz.gp gl
08-10 17:46:38.603  3363  3363 E HostConnection: /data/local/cfg-zneng/gl_force format error! com.hermes.p6gameos gl
08-10 17:46:38.603  3363  3363 E HostConnection: /data/local/cfg-zneng/gl_force format error! com.crystal.usad gl
08-10 17:46:38.603  3363  3363 E HostConnection: /data/local/cfg-zneng/gl_force format error! com.jingxiu.yanwu gl
08-10 17:46:38.603  3363  3363 E HostConnection: /data/local/cfg-zneng/gl_force format error! com.playhardlab.heroes gl
08-10 17:46:38.603  3363  3363 E HostConnection: /data/local/cfg-zneng/gl_force format error! com.topgamestudio.americanblocksnipersurvival.jf gl
08-10 17:46:38.603  3363  3363 E HostConnection: /data/local/cfg-zneng/gl_force format error! vng.games.gs1.phongthan.mobile.com gl
08-10 17:46:38.603  3363  3363 E HostConnection: /data/local/cfg-zneng/gl_force format error! com.userjoy.szm gl
08-10 17:46:38.603  3363  3363 E HostConnection: /data/local/cfg-zneng/gl_force format error! com.netease.yzs gl
08-10 17:46:38.603  3363  3363 E HostConnection: /data/local/cfg-zneng/gl_force format error! com.korea.tamamonkr.google gl
08-10 17:46:38.603  3363  3363 E HostConnection: /data/local/cfg-zneng/gl_force format error! com.huanxi.datulong gl
08-10 17:46:38.603  3363  3363 E HostConnection: /data/local/cfg-zneng/gl_force format error! com.com2us.legendsummoner.android.google.global.normal gl
08-10 17:46:38.603  3363  3363 E HostConnection: /data/local/cfg-zneng/gl_force format error! com.metek.atm2 gl
08-10 17:46:38.603  3363  3363 E HostConnection: /data/local/cfg-zneng/gl_force format error! com.huiqi.mrby gl
08-10 17:46:38.603  3363  3363 E HostConnection: /data/local/cfg-zneng/gl_force format error! com.tencent.wlfz gl
08-10 17:46:38.603  3363  3363 E HostConnection: /data/local/cfg-zneng/gl_force format error! com.yh.hunter4.firstformal gl
08-10 17:46:38.603  3363  3363 E HostConnection: /data/local/cfg-zneng/gl_force format error! com.phonecoolgame.sanguo gl
08-10 17:46:38.603  3363  3363 E HostConnection: /data/local/cfg-zneng/gl_force format error! com.epidgames.trickcalrevive gl
08-10 17:46:38.604  3363  3363 I         : fastpipe: Connect success
08-10 17:46:38.617  1672 31938 I ActivityManager: START u0 {cmp=com.lomolsoft.language.learnamharic/.activity.MainActivity} from uid 10553
08-10 17:46:38.641  1672  1672 I Binder:1672_1B: type=1400 audit(0.0:103520): avc: denied { call } for scontext=u:r:system_server:s0 tcontext=u:r:init:s0 tclass=binder permissive=1
08-10 17:46:38.854  2261  2261 W ContextImpl: Calling a method in the system process without a qualified user: android.app.ContextImpl.startService:1531 android.content.ContextWrapper.startService:664 android.content.ContextWrapper.startService:664 com.android.coreservice.CoreBroadcastReceiver.onReceive:44 android.app.ActivityThread.handleReceiver:3424 
08-10 17:46:38.861  2261  2261 I oid.coreservice: type=1400 audit(0.0:103521): avc: denied { ioctl } for path="/dev/fastpipe" dev="tmpfs" ino=7224 ioctlcmd=6869 scontext=u:r:system_app:s0 tcontext=u:object_r:device:s0 tclass=chr_file permissive=1
08-10 17:46:38.923  3080  3080 W ActivityThread: handleWindowVisibility: no activity for token android.os.BinderProxy@e95c2d3
08-10 17:46:39.183  1672  1685 W System  : A resource failed to call close. 
08-10 17:46:39.185  1672  1685 I chatty  : uid=1000(system) FinalizerDaemon identical 53 lines
08-10 17:46:39.185  1672  1685 W System  : A resource failed to call close. 
08-10 17:46:39.304  3080  3080 W GooglePlayServicesUtil: com.lomolsoft.language.learnamharic requires the Google Play Store, but it is missing.
08-10 17:46:39.304  3080  3080 E DynamiteModule: Failed to load IDynamiteLoader from GmsCore: Application package com.google.android.gms not found
08-10 17:46:39.323  3080  3080 I Ads     : Use RequestConfiguration.Builder().setTestDeviceIds(Arrays.asList("70036C869C29A66ECF60F1ED8878811B") to get test ads on this device.
08-10 17:46:39.355  3080  3080 E DynamiteModule: Failed to load IDynamiteLoader from GmsCore: Application package com.google.android.gms not found
08-10 17:46:39.356  3080  3080 I DynamiteModule: Considering local module com.google.android.gms.ads.dynamite:203404600 and remote module com.google.android.gms.ads.dynamite:0
08-10 17:46:39.356  3080  3080 I DynamiteModule: Selected local version of com.google.android.gms.ads.dynamite
08-10 17:46:39.357  3080  3080 W Ads     : #007 Could not call remote method. @2
08-10 17:46:39.357  3080  3080 W Ads     : com.google.android.gms.internal.ads.zzazf: com.google.android.gms.dynamite.DynamiteModule$LoadingException: Failed to instantiate module class: com.google.android.gms.ads.omid.DynamiteOmid
08-10 17:46:39.357  3080  3080 W Ads     : 	at com.google.android.gms.internal.ads.zzazd.zza(com.google.android.gms:play-services-ads-lite@@19.5.0:2)
08-10 17:46:39.357  3080  3080 W Ads     : 	at com.google.android.gms.internal.ads.zzard.zzn(com.google.android.gms:play-services-ads-lite@@19.5.0:7)
08-10 17:46:39.357  3080  3080 W Ads     : 	at com.google.android.gms.internal.ads.zzard.getVersion(com.google.android.gms:play-services-ads-lite@@19.5.0:4)
08-10 17:46:39.357  3080  3080 W Ads     : 	at com.google.android.gms.internal.ads.zzdds.zzasx(com.google.android.gms:play-services-ads@@19.5.0:4)
08-10 17:46:39.357  3080  3080 W Ads     : 	at com.google.android.gms.internal.ads.zzddv.call(Unknown Source:2)
08-10 17:46:39.357  3080  3080 W Ads     : 	at com.google.android.gms.internal.ads.zzdzq.zzazk(com.google.android.gms:play-services-ads@@19.5.0:1)
08-10 17:46:39.357  3080  3080 W Ads     : 	at com.google.android.gms.internal.ads.zzdyy.run(com.google.android.gms:play-services-ads@@19.5.0:4)
08-10 17:46:39.357  3080  3080 W Ads     : 	at com.google.android.gms.internal.ads.zzdzo.run(com.google.android.gms:play-services-ads@@19.5.0:2)
08-10 17:46:39.357  3080  3080 W Ads     : 	at com.google.android.gms.internal.ads.zzazk.execute(com.google.android.gms:play-services-ads@@19.5.0:2)
08-10 17:46:39.357  3080  3080 W Ads     : 	at com.google.android.gms.internal.ads.zzazn.execute(com.google.android.gms:play-services-ads@@19.5.0:1)
08-10 17:46:39.357  3080  3080 W Ads     : 	at java.util.concurrent.AbstractExecutorService.submit(AbstractExecutorService.java:140)
08-10 17:46:39.357  3080  3080 W Ads     : 	at com.google.android.gms.internal.ads.zzdxr.zze(com.google.android.gms:play-services-ads@@19.5.0:1)
08-10 17:46:39.357  3080  3080 W Ads     : 	at com.google.android.gms.internal.ads.zzdds.zzasm(com.google.android.gms:play-services-ads@@19.5.0:1)
08-10 17:46:39.357  3080  3080 W Ads     : 	at com.google.android.gms.internal.ads.zzdfl.zzt(com.google.android.gms:play-services-ads@@19.5.0:3)
08-10 17:46:39.357  3080  3080 W Ads     : 	at com.google.android.gms.internal.ads.zzbqz.zzakq(com.google.android.gms:play-services-ads@@19.5.0:1)
08-10 17:46:39.357  3080  3080 W Ads     : 	at com.google.android.gms.internal.ads.zzbqz.zzakr(com.google.android.gms:play-services-ads@@19.5.0:1)
08-10 17:46:39.357  3080  3080 W Ads     : 	at com.google.android.gms.internal.ads.zzboz.zzaki(com.google.android.gms:play-services-ads@@19.5.0:1)
08-10 17:46:39.357  3080  3080 W Ads     : 	at com.google.android.gms.internal.ads.zzboz.zzakj(com.google.android.gms:play-services-ads@@19.5.0:1)
08-10 17:46:39.357  3080  3080 W Ads     : 	at com.google.android.gms.internal.ads.zzcxm.zzg(com.google.android.gms:play-services-ads@@19.5.0:21)
08-10 17:46:39.357  3080  3080 W Ads     : 	at com.google.android.gms.internal.ads.zzcxm.zza(com.google.android.gms:play-services-ads@@19.5.0:2)
08-10 17:46:39.357  3080  3080 W Ads     : 	at com.google.android.gms.internal.ads.zzzc.zza(com.google.android.gms:play-services-ads-lite@@19.5.0:31)
08-10 17:46:39.357  3080  3080 W Ads     : 	at com.google.android.gms.ads.BaseAdView.loadAd(com.google.android.gms:play-services-ads-lite@@19.5.0:1)
08-10 17:46:39.357  3080  3080 W Ads     : 	at com.google.android.gms.ads.AdView.loadAd(com.google.android.gms:play-services-ads-lite@@19.5.0:1)
08-10 17:46:39.357  3080  3080 W Ads     : 	at com.lomolsoft.language.learnamharic.activity.MainActivity.c(MainActivity.java:5)
08-10 17:46:39.357  3080  3080 W Ads     : 	at com.lomolsoft.language.learnamharic.activity.MainActivity.onCreate(Native Method)
08-10 17:46:39.357  3080  3080 W Ads     : 	at android.app.Activity.performCreate(Activity.java:7144)
08-10 17:46:39.357  3080  3080 W Ads     : 	at android.app.Activity.performCreate(Activity.java:7135)
08-10 17:46:39.357  3080  3080 W Ads     : 	at android.app.Instrumentation.callActivityOnCreate(Instrumentation.java:1271)
08-10 17:46:39.357  3080  3080 W Ads     : 	at android.app.ActivityThread.performLaunchActivity(ActivityThread.java:2938)
08-10 17:46:39.357  3080  3080 W Ads     : 	at android.app.ActivityThread.handleLaunchActivity(ActivityThread.java:3093)
08-10 17:46:39.357  3080  3080 W Ads     : 	at android.app.servertransaction.LaunchActivityItem.execute(LaunchActivityItem.java:78)
08-10 17:46:39.357  3080  3080 W Ads     : 	at android.app.servertransaction.TransactionExecutor.executeCallbacks(TransactionExecutor.java:108)
08-10 17:46:39.357  3080  3080 W Ads     : 	at android.app.servertransaction.TransactionExecutor.execute(TransactionExecutor.java:68)
08-10 17:46:39.357  3080  3080 W Ads     : 	at android.app.ActivityThread$H.handleMessage(ActivityThread.java:1823)
08-10 17:46:39.357  3080  3080 W Ads     : 	at android.os.Handler.dispatchMessage(Handler.java:106)
08-10 17:46:39.357  3080  3080 W Ads     : 	at android.os.Looper.loop(Looper.java:193)
08-10 17:46:39.357  3080  3080 W Ads     : 	at android.app.ActivityThread.main(ActivityThread.java:6840)
08-10 17:46:39.357  3080  3080 W Ads     : 	at java.lang.reflect.Method.invoke(Native Method)
08-10 17:46:39.357  3080  3080 W Ads     : 	at com.android.internal.os.RuntimeInit$MethodAndArgsCaller.run(RuntimeInit.java:493)
08-10 17:46:39.357  3080  3080 W Ads     : 	at com.android.internal.os.ZygoteInit.main(ZygoteInit.java:860)
08-10 17:46:39.357  3080  3080 W Ads     : Caused by: com.google.android.gms.dynamite.DynamiteModule$LoadingException: Failed to instantiate module class: com.google.android.gms.ads.omid.DynamiteOmid
08-10 17:46:39.358  3080  3080 W Ads     : 	at com.google.android.gms.dynamite.DynamiteModule.instantiate(com.google.android.gms:play-services-basement@@17.3.0:3)
08-10 17:46:39.358  3080  3080 W Ads     : 	at com.google.android.gms.internal.ads.zzazd.zza(com.google.android.gms:play-services-ads-lite@@19.5.0:1)
08-10 17:46:39.358  3080  3080 W Ads     : 	... 39 more
08-10 17:46:39.358  3080  3080 W Ads     : Caused by: java.lang.ClassNotFoundException: Didn't find class "com.google.android.gms.ads.omid.DynamiteOmid" on path: DexPathList[[zip file "/data/app/com.lomolsoft.language.learnamharic-4wiHOqleh7I7mu2Enqr_pg==/base.apk", dex file "/data/app/com.lomolsoft.language.learnamharic-4wiHOqleh7I7mu2Enqr_pg==/base.apk"],nativeLibraryDirectories=[/data/app/com.lomolsoft.language.learnamharic-4wiHOqleh7I7mu2Enqr_pg==/lib/x86, /data/app/com.lomolsoft.language.learnamharic-4wiHOqleh7I7mu2Enqr_pg==/base.apk!/lib/x86, /system/lib, /system/vendor/lib]]
08-10 17:46:39.358  3080  3080 W Ads     : 	at dalvik.system.BaseDexClassLoader.findClass(BaseDexClassLoader.java:134)
08-10 17:46:39.358  3080  3080 W Ads     : 	at java.lang.ClassLoader.loadClass(ClassLoader.java:379)
08-10 17:46:39.358  3080  3080 W Ads     : 	at java.lang.ClassLoader.loadClass(ClassLoader.java:312)
08-10 17:46:39.358  3080  3080 W Ads     : 	at com.google.android.gms.dynamite.DynamiteModule.instantiate(com.google.android.gms:play-services-basement@@17.3.0:1)
08-10 17:46:39.358  3080  3080 W Ads     : 	... 40 more
08-10 17:46:39.358  3080  3080 W Ads     : #007 Could not call remote method. @2
08-10 17:46:39.358  3080  3080 W Ads     : java.lang.NullPointerException: Attempt to invoke interface method 'java.lang.String com.google.android.gms.internal.ads.zzdse.getVersion()' on a null object reference
08-10 17:46:39.358  3080  3080 W Ads     : 	at com.google.android.gms.internal.ads.zzard.getVersion(com.google.android.gms:play-services-ads-lite@@19.5.0:5)
08-10 17:46:39.358  3080  3080 W Ads     : 	at com.google.android.gms.internal.ads.zzdds.zzasx(com.google.android.gms:play-services-ads@@19.5.0:4)
08-10 17:46:39.358  3080  3080 W Ads     : 	at com.google.android.gms.internal.ads.zzddv.call(Unknown Source:2)
